Component: ARM Compiler 5.06 update 7 (build 960) Tool: armlink [4d3601]

==============================================================================

Section Cross References

    sysinit.o(.text) refers to startup_mdr1986ve8t.o(RESET) for __Vectors
    main.o(.text) refers to _printf_percent.o(.ARM.Collect$$_printf_percent$$00000000) for _printf_percent
    main.o(.text) refers to _printf_x.o(.ARM.Collect$$_printf_percent$$0000000C) for _printf_x
    main.o(.text) refers to _printf_hex_int.o(.text) for _printf_longlong_hex
    main.o(.text) refers to sysinit.o(.text) for System_Init
    main.o(.text) refers to timer.o(.text) for Timers_Init
    main.o(.text) refers to uarts.o(.text) for UART0_Init
    main.o(.text) refers to adc.o(.text) for ADC_Init
    main.o(.text) refers to noretval__2sprintf.o(.text) for __2sprintf
    main.o(.text) refers to strlen.o(.text) for strlen
    main.o(.text) refers to rt_memcpy_v6.o(.text) for __aeabi_memcpy
    main.o(.text) refers to main.o(.bss) for Buff
    main.o(.text) refers to main.o(.data) for i
    main.o(.text) refers to adc.o(.bss) for ADCData
    main.o(.text) refers to adc.o(.data) for ADCDataPtr
    eerom.o(.text) refers to eerom.o(.bss) for EEProgHeader
    uarts.o(.text) refers to rt_memcpy_v6.o(.text) for __aeabi_memcpy
    uarts.o(.text) refers to uarts.o(.data) for Rx0BuffPtr
    uarts.o(.text) refers to uarts.o(.constdata) for auchCRCHi
    uarts.o(.text) refers to uarts.o(.bss) for Rx0Buff
    adc.o(.text) refers to adc.o(.data) for ChList
    adc.o(.text) refers to adc.o(.bss) for ADCSample
    timer.o(.text) refers to dflt_clz.o(x$fpl$dfltu) for __aeabi_ui2d
    timer.o(.text) refers to dmul.o(x$fpl$dmul) for __aeabi_dmul
    timer.o(.text) refers to dfixu.o(x$fpl$dfixu) for __aeabi_d2uiz
    timer.o(.text) refers to timer.o(.data) for time_ARR
    startup_mdr1986ve8t.o(STACK) refers (Special) to heapauxi.o(.text) for __use_two_region_memory
    startup_mdr1986ve8t.o(HEAP) refers (Special) to heapauxi.o(.text) for __use_two_region_memory
    startup_mdr1986ve8t.o(RESET) refers (Special) to heapauxi.o(.text) for __use_two_region_memory
    startup_mdr1986ve8t.o(RESET) refers to startup_mdr1986ve8t.o(STACK) for __initial_sp
    startup_mdr1986ve8t.o(RESET) refers to startup_mdr1986ve8t.o(.text) for Reset_Handler
    startup_mdr1986ve8t.o(RESET) refers to adc.o(.text) for INT_TMR1_Handler
    startup_mdr1986ve8t.o(RESET) refers to timer.o(.text) for INT_TMR3_Handler
    startup_mdr1986ve8t.o(RESET) refers to uarts.o(.text) for INT_UART0_Handler
    startup_mdr1986ve8t.o(.text) refers (Special) to heapauxi.o(.text) for __use_two_region_memory
    startup_mdr1986ve8t.o(.text) refers to __main.o(!!!main) for __main
    startup_mdr1986ve8t.o(.text) refers to startup_mdr1986ve8t.o(HEAP) for Heap_Mem
    startup_mdr1986ve8t.o(.text) refers to startup_mdr1986ve8t.o(STACK) for Stack_Mem
    __2sprintf.o(.text) refers to _printf_char_common.o(.text) for _printf_char_common
    __2sprintf.o(.text) refers to _sputc.o(.text) for _sputc
    noretval__2sprintf.o(.text) refers to _printf_char_common.o(.text) for _printf_char_common
    noretval__2sprintf.o(.text) refers to _sputc.o(.text) for _sputc
    __printf.o(.text) refers to _printf_percent.o(.ARM.Collect$$_printf_percent$$00000000) for _printf_percent
    _printf_hex_ll.o(.text) refers to _printf_intcommon.o(.text) for _printf_int_common
    _printf_hex_ll.o(.text) refers to _printf_hex_ll.o(.constdata) for .constdata
    _printf_hex_int.o(.text) refers to _printf_intcommon.o(.text) for _printf_int_common
    _printf_hex_int.o(.text) refers to _printf_hex_int.o(.constdata) for .constdata
    _printf_hex_int_ll.o(.text) refers to _printf_intcommon.o(.text) for _printf_int_common
    _printf_hex_int_ll.o(.text) refers to _printf_hex_int_ll.o(.constdata) for .constdata
    _printf_hex_ptr.o(.text) refers to _printf_intcommon.o(.text) for _printf_int_common
    _printf_hex_ptr.o(.text) refers to _printf_hex_ptr.o(.constdata) for .constdata
    _printf_hex_int_ptr.o(.text) refers to _printf_intcommon.o(.text) for _printf_int_common
    _printf_hex_int_ptr.o(.text) refers to _printf_hex_int_ptr.o(.constdata) for .constdata
    _printf_hex_ll_ptr.o(.text) refers to _printf_intcommon.o(.text) for _printf_int_common
    _printf_hex_ll_ptr.o(.text) refers to _printf_hex_ll_ptr.o(.constdata) for .constdata
    _printf_hex_int_ll_ptr.o(.text) refers to _printf_intcommon.o(.text) for _printf_int_common
    _printf_hex_int_ll_ptr.o(.text) refers to _printf_hex_int_ll_ptr.o(.constdata) for .constdata
    __printf_flags.o(.text) refers to _printf_percent.o(.ARM.Collect$$_printf_percent$$00000000) for _printf_percent
    __printf_flags.o(.text) refers to __printf_flags.o(.constdata) for .constdata
    __printf_ss.o(.text) refers to _printf_percent.o(.ARM.Collect$$_printf_percent$$00000000) for _printf_percent
    __printf_flags_ss.o(.text) refers to _printf_percent.o(.ARM.Collect$$_printf_percent$$00000000) for _printf_percent
    __printf_flags_ss.o(.text) refers to __printf_flags_ss.o(.constdata) for .constdata
    __printf_wp.o(.text) refers to __printf_wp.o(i._is_digit) for _is_digit
    __printf_wp.o(.text) refers to _printf_percent.o(.ARM.Collect$$_printf_percent$$00000000) for _printf_percent
    __printf_flags_wp.o(.text) refers to __printf_wp.o(i._is_digit) for _is_digit
    __printf_flags_wp.o(.text) refers to _printf_percent.o(.ARM.Collect$$_printf_percent$$00000000) for _printf_percent
    __printf_flags_wp.o(.text) refers to __printf_flags_wp.o(.constdata) for .constdata
    __printf_ss_wp.o(.text) refers to __printf_wp.o(i._is_digit) for _is_digit
    __printf_ss_wp.o(.text) refers to _printf_percent.o(.ARM.Collect$$_printf_percent$$00000000) for _printf_percent
    __printf_flags_ss_wp.o(.text) refers to __printf_wp.o(i._is_digit) for _is_digit
    __printf_flags_ss_wp.o(.text) refers to _printf_percent.o(.ARM.Collect$$_printf_percent$$00000000) for _printf_percent
    __printf_flags_ss_wp.o(.text) refers to __printf_flags_ss_wp.o(.constdata) for .constdata
    _printf_x.o(.ARM.Collect$$_printf_percent$$0000000C) refers (Weak) to _printf_hex_int.o(.text) for _printf_int_hex
    _printf_percent.o(.ARM.Collect$$_printf_percent$$00000000) refers (Special) to _printf_percent_end.o(.ARM.Collect$$_printf_percent$$00000017) for _printf_percent_end
    rt_memcpy_v6.o(.text) refers to rt_memcpy_w.o(.text) for __aeabi_memcpy4
    __main.o(!!!main) refers to __rtentry.o(.ARM.Collect$$rtentry$$00000000) for __rt_entry
    dfixu.o(x$fpl$dfixu) refers (Special) to usenofp.o(x$fpl$usenofp) for __I$use$fp
    dfixu.o(x$fpl$dfixu) refers to dnaninf.o(x$fpl$dnaninf) for __fpl_dnaninf
    dfixu.o(x$fpl$dfixur) refers (Special) to usenofp.o(x$fpl$usenofp) for __I$use$fp
    dfixu.o(x$fpl$dfixur) refers to dnaninf.o(x$fpl$dnaninf) for __fpl_dnaninf
    dflt_clz.o(x$fpl$dfltu) refers (Special) to usenofp.o(x$fpl$usenofp) for __I$use$fp
    dflt_clz.o(x$fpl$dflt) refers (Special) to usenofp.o(x$fpl$usenofp) for __I$use$fp
    dflt_clz.o(x$fpl$dfltn) refers (Special) to usenofp.o(x$fpl$usenofp) for __I$use$fp
    dmul.o(x$fpl$dmul) refers (Special) to usenofp.o(x$fpl$usenofp) for __I$use$fp
    dmul.o(x$fpl$dmul) refers to dretinf.o(x$fpl$dretinf) for __fpl_dretinf
    dmul.o(x$fpl$dmul) refers to dnaninf.o(x$fpl$dnaninf) for __fpl_dnaninf
    __rtentry.o(.ARM.Collect$$rtentry$$00000000) refers (Special) to __rtentry2.o(.ARM.Collect$$rtentry$$0000000A) for __rt_entry_li
    __rtentry.o(.ARM.Collect$$rtentry$$00000000) refers (Special) to __rtentry2.o(.ARM.Collect$$rtentry$$0000000D) for __rt_entry_main
    __rtentry.o(.ARM.Collect$$rtentry$$00000000) refers (Special) to __rtentry2.o(.ARM.Collect$$rtentry$$0000000C) for __rt_entry_postli_1
    __rtentry.o(.ARM.Collect$$rtentry$$00000000) refers (Special) to __rtentry2.o(.ARM.Collect$$rtentry$$00000009) for __rt_entry_postsh_1
    __rtentry.o(.ARM.Collect$$rtentry$$00000000) refers (Special) to __rtentry2.o(.ARM.Collect$$rtentry$$00000002) for __rt_entry_presh_1
    __rtentry.o(.ARM.Collect$$rtentry$$00000000) refers (Special) to __rtentry4.o(.ARM.Collect$$rtentry$$00000004) for __rt_entry_sh
    _printf_char_common.o(.text) refers to __printf.o(.text) for __printf
    dnaninf.o(x$fpl$dnaninf) refers (Special) to usenofp.o(x$fpl$usenofp) for __I$use$fp
    dretinf.o(x$fpl$dretinf) refers (Special) to usenofp.o(x$fpl$usenofp) for __I$use$fp
    __rtentry2.o(.ARM.Collect$$rtentry$$00000008) refers to boardinit2.o(.text) for _platform_post_stackheap_init
    __rtentry2.o(.ARM.Collect$$rtentry$$0000000A) refers to libinit.o(.ARM.Collect$$libinit$$00000000) for __rt_lib_init
    __rtentry2.o(.ARM.Collect$$rtentry$$0000000B) refers to boardinit3.o(.text) for _platform_post_lib_init
    __rtentry2.o(.ARM.Collect$$rtentry$$0000000D) refers to main.o(.text) for main
    __rtentry2.o(.ARM.Collect$$rtentry$$0000000D) refers to exit.o(.text) for exit
    __rtentry2.o(.ARM.exidx) refers to __rtentry2.o(.ARM.Collect$$rtentry$$00000001) for .ARM.Collect$$rtentry$$00000001
    __rtentry2.o(.ARM.exidx) refers to __rtentry2.o(.ARM.Collect$$rtentry$$00000008) for .ARM.Collect$$rtentry$$00000008
    __rtentry2.o(.ARM.exidx) refers to __rtentry2.o(.ARM.Collect$$rtentry$$0000000A) for .ARM.Collect$$rtentry$$0000000A
    __rtentry2.o(.ARM.exidx) refers to __rtentry2.o(.ARM.Collect$$rtentry$$0000000B) for .ARM.Collect$$rtentry$$0000000B
    __rtentry2.o(.ARM.exidx) refers to __rtentry2.o(.ARM.Collect$$rtentry$$0000000D) for .ARM.Collect$$rtentry$$0000000D
    __rtentry4.o(.ARM.Collect$$rtentry$$00000004) refers to sys_stackheap_outer.o(.text) for __user_setup_stackheap
    __rtentry4.o(.ARM.exidx) refers to __rtentry4.o(.ARM.Collect$$rtentry$$00000004) for .ARM.Collect$$rtentry$$00000004
    sys_stackheap_outer.o(.text) refers to libspace.o(.text) for __user_perproc_libspace
    sys_stackheap_outer.o(.text) refers to startup_mdr1986ve8t.o(.text) for __user_initial_stackheap
    exit.o(.text) refers to rtexit.o(.ARM.Collect$$rtexit$$00000000) for __rt_exit
    libinit.o(.ARM.Collect$$libinit$$00000000) refers (Special) to libinit2.o(.ARM.Collect$$libinit$$0000002E) for __rt_lib_init_alloca_1
    libinit.o(.ARM.Collect$$libinit$$00000000) refers (Special) to libinit2.o(.ARM.Collect$$libinit$$0000002C) for __rt_lib_init_argv_1
    libinit.o(.ARM.Collect$$libinit$$00000000) refers (Special) to libinit2.o(.ARM.Collect$$libinit$$0000001B) for __rt_lib_init_atexit_1
    libinit.o(.ARM.Collect$$libinit$$00000000) refers (Special) to libinit2.o(.ARM.Collect$$libinit$$00000021) for __rt_lib_init_clock_1
    libinit.o(.ARM.Collect$$libinit$$00000000) refers (Special) to libinit2.o(.ARM.Collect$$libinit$$00000032) for __rt_lib_init_cpp_1
    libinit.o(.ARM.Collect$$libinit$$00000000) refers (Special) to libinit2.o(.ARM.Collect$$libinit$$00000030) for __rt_lib_init_exceptions_1
    libinit.o(.ARM.Collect$$libinit$$00000000) refers (Special) to libinit2.o(.ARM.Collect$$libinit$$00000002) for __rt_lib_init_fp_1
    libinit.o(.ARM.Collect$$libinit$$00000000) refers (Special) to libinit2.o(.ARM.Collect$$libinit$$0000001F) for __rt_lib_init_fp_trap_1
    libinit.o(.ARM.Collect$$libinit$$00000000) refers (Special) to libinit2.o(.ARM.Collect$$libinit$$00000023) for __rt_lib_init_getenv_1
    libinit.o(.ARM.Collect$$libinit$$00000000) refers (Special) to libinit2.o(.ARM.Collect$$libinit$$0000000A) for __rt_lib_init_heap_1
    libinit.o(.ARM.Collect$$libinit$$00000000) refers (Special) to libinit2.o(.ARM.Collect$$libinit$$00000011) for __rt_lib_init_lc_collate_1
    libinit.o(.ARM.Collect$$libinit$$00000000) refers (Special) to libinit2.o(.ARM.Collect$$libinit$$00000013) for __rt_lib_init_lc_ctype_1
    libinit.o(.ARM.Collect$$libinit$$00000000) refers (Special) to libinit2.o(.ARM.Collect$$libinit$$00000015) for __rt_lib_init_lc_monetary_1
    libinit.o(.ARM.Collect$$libinit$$00000000) refers (Special) to libinit2.o(.ARM.Collect$$libinit$$00000017) for __rt_lib_init_lc_numeric_1
    libinit.o(.ARM.Collect$$libinit$$00000000) refers (Special) to libinit2.o(.ARM.Collect$$libinit$$00000019) for __rt_lib_init_lc_time_1
    libinit.o(.ARM.Collect$$libinit$$00000000) refers (Special) to libinit2.o(.ARM.Collect$$libinit$$00000004) for __rt_lib_init_preinit_1
    libinit.o(.ARM.Collect$$libinit$$00000000) refers (Special) to libinit2.o(.ARM.Collect$$libinit$$0000000E) for __rt_lib_init_rand_1
    libinit.o(.ARM.Collect$$libinit$$00000000) refers (Special) to libinit2.o(.ARM.Collect$$libinit$$00000033) for __rt_lib_init_return
    libinit.o(.ARM.Collect$$libinit$$00000000) refers (Special) to libinit2.o(.ARM.Collect$$libinit$$0000001D) for __rt_lib_init_signal_1
    libinit.o(.ARM.Collect$$libinit$$00000000) refers (Special) to libinit2.o(.ARM.Collect$$libinit$$00000025) for __rt_lib_init_stdio_1
    libinit.o(.ARM.Collect$$libinit$$00000000) refers (Special) to libinit2.o(.ARM.Collect$$libinit$$0000000C) for __rt_lib_init_user_alloc_1
    libspace.o(.text) refers to libspace.o(.bss) for __libspace_start
    rtexit.o(.ARM.Collect$$rtexit$$00000000) refers (Special) to rtexit2.o(.ARM.Collect$$rtexit$$00000004) for __rt_exit_exit
    rtexit.o(.ARM.Collect$$rtexit$$00000000) refers (Special) to rtexit2.o(.ARM.Collect$$rtexit$$00000003) for __rt_exit_ls
    rtexit.o(.ARM.Collect$$rtexit$$00000000) refers (Special) to rtexit2.o(.ARM.Collect$$rtexit$$00000002) for __rt_exit_prels_1
    rtexit.o(.ARM.exidx) refers (Special) to rtexit2.o(.ARM.Collect$$rtexit$$00000004) for __rt_exit_exit
    rtexit.o(.ARM.exidx) refers (Special) to rtexit2.o(.ARM.Collect$$rtexit$$00000003) for __rt_exit_ls
    rtexit.o(.ARM.exidx) refers (Special) to rtexit2.o(.ARM.Collect$$rtexit$$00000002) for __rt_exit_prels_1
    rtexit.o(.ARM.exidx) refers to rtexit.o(.ARM.Collect$$rtexit$$00000000) for .ARM.Collect$$rtexit$$00000000
    libinit2.o(.ARM.Collect$$libinit$$00000010) refers to libinit2.o(.ARM.Collect$$libinit$$0000000F) for .ARM.Collect$$libinit$$0000000F
    libinit2.o(.ARM.Collect$$libinit$$00000012) refers to libinit2.o(.ARM.Collect$$libinit$$0000000F) for .ARM.Collect$$libinit$$0000000F
    libinit2.o(.ARM.Collect$$libinit$$00000014) refers to libinit2.o(.ARM.Collect$$libinit$$0000000F) for .ARM.Collect$$libinit$$0000000F
    libinit2.o(.ARM.Collect$$libinit$$00000016) refers to libinit2.o(.ARM.Collect$$libinit$$0000000F) for .ARM.Collect$$libinit$$0000000F
    libinit2.o(.ARM.Collect$$libinit$$00000018) refers to libinit2.o(.ARM.Collect$$libinit$$0000000F) for .ARM.Collect$$libinit$$0000000F
    libinit2.o(.ARM.Collect$$libinit$$00000026) refers to argv_veneer.o(.emb_text) for __ARM_argv_veneer
    libinit2.o(.ARM.Collect$$libinit$$00000027) refers to argv_veneer.o(.emb_text) for __ARM_argv_veneer
    rtexit2.o(.ARM.Collect$$rtexit$$00000003) refers to libshutdown.o(.ARM.Collect$$libshutdown$$00000000) for __rt_lib_shutdown
    rtexit2.o(.ARM.Collect$$rtexit$$00000004) refers to sys_exit.o(.text) for _sys_exit
    rtexit2.o(.ARM.exidx) refers to rtexit2.o(.ARM.Collect$$rtexit$$00000001) for .ARM.Collect$$rtexit$$00000001
    rtexit2.o(.ARM.exidx) refers to rtexit2.o(.ARM.Collect$$rtexit$$00000003) for .ARM.Collect$$rtexit$$00000003
    rtexit2.o(.ARM.exidx) refers to rtexit2.o(.ARM.Collect$$rtexit$$00000004) for .ARM.Collect$$rtexit$$00000004
    argv_veneer.o(.emb_text) refers to no_argv.o(.text) for __ARM_get_argv
    sys_exit.o(.text) refers (Special) to use_no_semi.o(.text) for __I$use$semihosting
    sys_exit.o(.text) refers (Special) to indicate_semi.o(.text) for __semihosting_library_function
    _get_argv_nomalloc.o(.text) refers (Special) to hrguard.o(.text) for __heap_region$guard
    _get_argv_nomalloc.o(.text) refers to defsig_rtmem_outer.o(.text) for __rt_SIGRTMEM
    _get_argv_nomalloc.o(.text) refers to sys_command.o(.text) for _sys_command_string
    libshutdown.o(.ARM.Collect$$libshutdown$$00000000) refers (Special) to libshutdown2.o(.ARM.Collect$$libshutdown$$00000004) for __rt_lib_shutdown_cpp_1
    libshutdown.o(.ARM.Collect$$libshutdown$$00000000) refers (Special) to libshutdown2.o(.ARM.Collect$$libshutdown$$00000002) for __rt_lib_shutdown_fini_1
    libshutdown.o(.ARM.Collect$$libshutdown$$00000000) refers (Special) to libshutdown2.o(.ARM.Collect$$libshutdown$$00000009) for __rt_lib_shutdown_fp_trap_1
    libshutdown.o(.ARM.Collect$$libshutdown$$00000000) refers (Special) to libshutdown2.o(.ARM.Collect$$libshutdown$$00000011) for __rt_lib_shutdown_heap_1
    libshutdown.o(.ARM.Collect$$libshutdown$$00000000) refers (Special) to libshutdown2.o(.ARM.Collect$$libshutdown$$00000012) for __rt_lib_shutdown_return
    libshutdown.o(.ARM.Collect$$libshutdown$$00000000) refers (Special) to libshutdown2.o(.ARM.Collect$$libshutdown$$0000000C) for __rt_lib_shutdown_signal_1
    libshutdown.o(.ARM.Collect$$libshutdown$$00000000) refers (Special) to libshutdown2.o(.ARM.Collect$$libshutdown$$00000006) for __rt_lib_shutdown_stdio_1
    libshutdown.o(.ARM.Collect$$libshutdown$$00000000) refers (Special) to libshutdown2.o(.ARM.Collect$$libshutdown$$0000000E) for __rt_lib_shutdown_user_alloc_1
    sys_command.o(.text) refers (Special) to use_no_semi.o(.text) for __I$use$semihosting
    sys_command.o(.text) refers (Special) to indicate_semi.o(.text) for __semihosting_library_function
    defsig_rtmem_outer.o(.text) refers to defsig_rtmem_inner.o(.text) for __rt_SIGRTMEM_inner
    defsig_rtmem_outer.o(.text) refers to defsig_exit.o(.text) for __sig_exit
    defsig_rtmem_formal.o(.text) refers to rt_raise.o(.text) for __rt_raise
    rt_raise.o(.text) refers to __raise.o(.text) for __raise
    rt_raise.o(.text) refers to sys_exit.o(.text) for _sys_exit
    defsig_exit.o(.text) refers to sys_exit.o(.text) for _sys_exit
    defsig_rtmem_inner.o(.text) refers to defsig_general.o(.text) for __default_signal_display
    __raise.o(.text) refers to defsig.o(CL$$defsig) for __default_signal_handler
    defsig_general.o(.text) refers to sys_wrch.o(.text) for _ttywrch
    sys_wrch.o(.text) refers (Special) to use_no_semi.o(.text) for __I$use$semihosting
    sys_wrch.o(.text) refers (Special) to indicate_semi.o(.text) for __semihosting_library_function
    defsig.o(CL$$defsig) refers to defsig_rtmem_inner.o(.text) for __rt_SIGRTMEM_inner
    defsig_abrt_inner.o(.text) refers to defsig_general.o(.text) for __default_signal_display
    defsig_fpe_inner.o(.text) refers to defsig_general.o(.text) for __default_signal_display
    defsig_rtred_inner.o(.text) refers to defsig_general.o(.text) for __default_signal_display
    defsig_stak_inner.o(.text) refers to defsig_general.o(.text) for __default_signal_display
    defsig_pvfn_inner.o(.text) refers to defsig_general.o(.text) for __default_signal_display
    defsig_cppl_inner.o(.text) refers to defsig_general.o(.text) for __default_signal_display
    defsig_segv_inner.o(.text) refers to defsig_general.o(.text) for __default_signal_display
    defsig_other.o(.text) refers to defsig_general.o(.text) for __default_signal_display


==============================================================================

Removing Unused input sections from the image.

    Removing eerom.o(.text), (520 bytes).
    Removing eerom.o(.bss), (20 bytes).
    Removing wdt.o(.text), (118 bytes).
    Removing test.o(.text), (24 bytes).
    Removing core_cm4.o(.emb_text), (32 bytes).

5 unused section(s) (total 714 bytes) removed from the image.

==============================================================================

Image Symbol Table

    Local Symbols

    Symbol Name                              Value     Ov Type        Size  Object(Section)

    ../clib/angel/boardlib.s                 0x00000000   Number         0  boardinit1.o ABSOLUTE
    ../clib/angel/boardlib.s                 0x00000000   Number         0  boardshut.o ABSOLUTE
    ../clib/angel/boardlib.s                 0x00000000   Number         0  boardinit2.o ABSOLUTE
    ../clib/angel/boardlib.s                 0x00000000   Number         0  boardinit3.o ABSOLUTE
    ../clib/angel/handlers.s                 0x00000000   Number         0  __scatter_copy.o ABSOLUTE
    ../clib/angel/kernel.s                   0x00000000   Number         0  __rtentry2.o ABSOLUTE
    ../clib/angel/kernel.s                   0x00000000   Number         0  __rtentry4.o ABSOLUTE
    ../clib/angel/kernel.s                   0x00000000   Number         0  rtexit2.o ABSOLUTE
    ../clib/angel/kernel.s                   0x00000000   Number         0  __rtentry.o ABSOLUTE
    ../clib/angel/kernel.s                   0x00000000   Number         0  rtexit.o ABSOLUTE
    ../clib/angel/rt.s                       0x00000000   Number         0  rt_raise.o ABSOLUTE
    ../clib/angel/scatter.s                  0x00000000   Number         0  __scatter.o ABSOLUTE
    ../clib/angel/startup.s                  0x00000000   Number         0  __main.o ABSOLUTE
    ../clib/angel/sys.s                      0x00000000   Number         0  sys_stackheap_outer.o ABSOLUTE
    ../clib/angel/sys.s                      0x00000000   Number         0  indicate_semi.o ABSOLUTE
    ../clib/angel/sys.s                      0x00000000   Number         0  use_no_semi.o ABSOLUTE
    ../clib/angel/sys.s                      0x00000000   Number         0  libspace.o ABSOLUTE
    ../clib/angel/sysapp.c                   0x00000000   Number         0  sys_exit.o ABSOLUTE
    ../clib/angel/sysapp.c                   0x00000000   Number         0  sys_wrch.o ABSOLUTE
    ../clib/angel/sysapp.c                   0x00000000   Number         0  sys_command.o ABSOLUTE
    ../clib/armsys.c                         0x00000000   Number         0  argv_veneer.o ABSOLUTE
    ../clib/armsys.c                         0x00000000   Number         0  argv_veneer.o ABSOLUTE
    ../clib/armsys.c                         0x00000000   Number         0  _get_argv_nomalloc.o ABSOLUTE
    ../clib/armsys.c                         0x00000000   Number         0  no_argv.o ABSOLUTE
    ../clib/heapalloc.c                      0x00000000   Number         0  hrguard.o ABSOLUTE
    ../clib/heapaux.c                        0x00000000   Number         0  heapauxi.o ABSOLUTE
    ../clib/libinit.s                        0x00000000   Number         0  libinit2.o ABSOLUTE
    ../clib/libinit.s                        0x00000000   Number         0  libshutdown.o ABSOLUTE
    ../clib/libinit.s                        0x00000000   Number         0  libshutdown2.o ABSOLUTE
    ../clib/libinit.s                        0x00000000   Number         0  libinit.o ABSOLUTE
    ../clib/memcpset.s                       0x00000000   Number         0  rt_memcpy_w.o ABSOLUTE
    ../clib/memcpset.s                       0x00000000   Number         0  rt_memcpy_v6.o ABSOLUTE
    ../clib/printf.c                         0x00000000   Number         0  __printf_flags.o ABSOLUTE
    ../clib/printf.c                         0x00000000   Number         0  _printf_hex_int_ll.o ABSOLUTE
    ../clib/printf.c                         0x00000000   Number         0  __printf_flags_ss_wp.o ABSOLUTE
    ../clib/printf.c                         0x00000000   Number         0  __2sprintf.o ABSOLUTE
    ../clib/printf.c                         0x00000000   Number         0  noretval__2sprintf.o ABSOLUTE
    ../clib/printf.c                         0x00000000   Number         0  __printf_flags_wp.o ABSOLUTE
    ../clib/printf.c                         0x00000000   Number         0  __printf.o ABSOLUTE
    ../clib/printf.c                         0x00000000   Number         0  __printf_wp.o ABSOLUTE
    ../clib/printf.c                         0x00000000   Number         0  __printf_flags_ss.o ABSOLUTE
    ../clib/printf.c                         0x00000000   Number         0  _printf_hex_int.o ABSOLUTE
    ../clib/printf.c                         0x00000000   Number         0  __printf_ss.o ABSOLUTE
    ../clib/printf.c                         0x00000000   Number         0  __printf_ss_wp.o ABSOLUTE
    ../clib/printf.c                         0x00000000   Number         0  _printf_hex_int_ll_ptr.o ABSOLUTE
    ../clib/printf.c                         0x00000000   Number         0  __printf_nopercent.o ABSOLUTE
    ../clib/printf.c                         0x00000000   Number         0  _printf_hex_ll.o ABSOLUTE
    ../clib/printf.c                         0x00000000   Number         0  _printf_hex_ll_ptr.o ABSOLUTE
    ../clib/printf.c                         0x00000000   Number         0  _printf_char_common.o ABSOLUTE
    ../clib/printf.c                         0x00000000   Number         0  _printf_hex_int_ptr.o ABSOLUTE
    ../clib/printf.c                         0x00000000   Number         0  _printf_hex_ptr.o ABSOLUTE
    ../clib/printf.c                         0x00000000   Number         0  _sputc.o ABSOLUTE
    ../clib/printf.c                         0x00000000   Number         0  _printf_intcommon.o ABSOLUTE
    ../clib/printf_percent.s                 0x00000000   Number         0  _printf_x.o ABSOLUTE
    ../clib/printf_percent.s                 0x00000000   Number         0  _printf_percent.o ABSOLUTE
    ../clib/printf_percent.s                 0x00000000   Number         0  _printf_percent_end.o ABSOLUTE
    ../clib/signal.c                         0x00000000   Number         0  defsig_stak_inner.o ABSOLUTE
    ../clib/signal.c                         0x00000000   Number         0  defsig_rtmem_outer.o ABSOLUTE
    ../clib/signal.c                         0x00000000   Number         0  defsig_pvfn_inner.o ABSOLUTE
    ../clib/signal.c                         0x00000000   Number         0  defsig_rtmem_formal.o ABSOLUTE
    ../clib/signal.c                         0x00000000   Number         0  defsig_cppl_inner.o ABSOLUTE
    ../clib/signal.c                         0x00000000   Number         0  defsig_segv_inner.o ABSOLUTE
    ../clib/signal.c                         0x00000000   Number         0  defsig_other.o ABSOLUTE
    ../clib/signal.c                         0x00000000   Number         0  defsig_exit.o ABSOLUTE
    ../clib/signal.c                         0x00000000   Number         0  defsig_rtred_inner.o ABSOLUTE
    ../clib/signal.c                         0x00000000   Number         0  defsig_rtmem_inner.o ABSOLUTE
    ../clib/signal.c                         0x00000000   Number         0  __raise.o ABSOLUTE
    ../clib/signal.c                         0x00000000   Number         0  defsig_general.o ABSOLUTE
    ../clib/signal.c                         0x00000000   Number         0  defsig_abrt_inner.o ABSOLUTE
    ../clib/signal.c                         0x00000000   Number         0  defsig_fpe_inner.o ABSOLUTE
    ../clib/signal.s                         0x00000000   Number         0  defsig.o ABSOLUTE
    ../clib/stdlib.c                         0x00000000   Number         0  exit.o ABSOLUTE
    ../clib/string.c                         0x00000000   Number         0  strlen.o ABSOLUTE
    ../fplib/dfixu.s                         0x00000000   Number         0  dfixu.o ABSOLUTE
    ../fplib/dflt.s                          0x00000000   Number         0  dflt_clz.o ABSOLUTE
    ../fplib/dmul.s                          0x00000000   Number         0  dmul.o ABSOLUTE
    ../fplib/dnaninf.s                       0x00000000   Number         0  dnaninf.o ABSOLUTE
    ../fplib/dretinf.s                       0x00000000   Number         0  dretinf.o ABSOLUTE
    ../fplib/fpinit.s                        0x00000000   Number         0  fpinit.o ABSOLUTE
    ../fplib/usenofp.s                       0x00000000   Number         0  usenofp.o ABSOLUTE
    Sources\1986ve8_lib\core_cm4.c           0x00000000   Number         0  core_cm4.o ABSOLUTE
    Sources\1986ve8_lib\startup_MDR1986VE8T.s 0x00000000   Number         0  startup_mdr1986ve8t.o ABSOLUTE
    Sources\\1986ve8_lib\\core_cm4.c         0x00000000   Number         0  core_cm4.o ABSOLUTE
    Sources\adc.c                            0x00000000   Number         0  adc.o ABSOLUTE
    Sources\eerom.c                          0x00000000   Number         0  eerom.o ABSOLUTE
    Sources\main.c                           0x00000000   Number         0  main.o ABSOLUTE
    Sources\sysinit.c                        0x00000000   Number         0  sysinit.o ABSOLUTE
    Sources\test.c                           0x00000000   Number         0  test.o ABSOLUTE
    Sources\timer.c                          0x00000000   Number         0  timer.o ABSOLUTE
    Sources\uarts.c                          0x00000000   Number         0  uarts.o ABSOLUTE
    Sources\wdt.c                            0x00000000   Number         0  wdt.o ABSOLUTE
    dc.s                                     0x00000000   Number         0  dc.o ABSOLUTE
    RESET                                    0x10000000   Section      568  startup_mdr1986ve8t.o(RESET)
    !!!main                                  0x10000238   Section        8  __main.o(!!!main)
    !!!scatter                               0x10000240   Section       52  __scatter.o(!!!scatter)
    !!handler_copy                           0x10000274   Section       26  __scatter_copy.o(!!handler_copy)
    .ARM.Collect$$_printf_percent$$00000000  0x1000028e   Section        0  _printf_percent.o(.ARM.Collect$$_printf_percent$$00000000)
    .ARM.Collect$$_printf_percent$$0000000C  0x1000028e   Section        6  _printf_x.o(.ARM.Collect$$_printf_percent$$0000000C)
    .ARM.Collect$$_printf_percent$$00000017  0x10000294   Section        4  _printf_percent_end.o(.ARM.Collect$$_printf_percent$$00000017)
    .ARM.Collect$$libinit$$00000000          0x10000298   Section        2  libinit.o(.ARM.Collect$$libinit$$00000000)
    .ARM.Collect$$libinit$$00000002          0x1000029a   Section        0  libinit2.o(.ARM.Collect$$libinit$$00000002)
    .ARM.Collect$$libinit$$00000004          0x1000029a   Section        0  libinit2.o(.ARM.Collect$$libinit$$00000004)
    .ARM.Collect$$libinit$$0000000A          0x1000029a   Section        0  libinit2.o(.ARM.Collect$$libinit$$0000000A)
    .ARM.Collect$$libinit$$0000000C          0x1000029a   Section        0  libinit2.o(.ARM.Collect$$libinit$$0000000C)
    .ARM.Collect$$libinit$$0000000E          0x1000029a   Section        0  libinit2.o(.ARM.Collect$$libinit$$0000000E)
    .ARM.Collect$$libinit$$00000011          0x1000029a   Section        0  libinit2.o(.ARM.Collect$$libinit$$00000011)
    .ARM.Collect$$libinit$$00000013          0x1000029a   Section        0  libinit2.o(.ARM.Collect$$libinit$$00000013)
    .ARM.Collect$$libinit$$00000015          0x1000029a   Section        0  libinit2.o(.ARM.Collect$$libinit$$00000015)
    .ARM.Collect$$libinit$$00000017          0x1000029a   Section        0  libinit2.o(.ARM.Collect$$libinit$$00000017)
    .ARM.Collect$$libinit$$00000019          0x1000029a   Section        0  libinit2.o(.ARM.Collect$$libinit$$00000019)
    .ARM.Collect$$libinit$$0000001B          0x1000029a   Section        0  libinit2.o(.ARM.Collect$$libinit$$0000001B)
    .ARM.Collect$$libinit$$0000001D          0x1000029a   Section        0  libinit2.o(.ARM.Collect$$libinit$$0000001D)
    .ARM.Collect$$libinit$$0000001F          0x1000029a   Section        0  libinit2.o(.ARM.Collect$$libinit$$0000001F)
    .ARM.Collect$$libinit$$00000021          0x1000029a   Section        0  libinit2.o(.ARM.Collect$$libinit$$00000021)
    .ARM.Collect$$libinit$$00000023          0x1000029a   Section        0  libinit2.o(.ARM.Collect$$libinit$$00000023)
    .ARM.Collect$$libinit$$00000025          0x1000029a   Section        0  libinit2.o(.ARM.Collect$$libinit$$00000025)
    .ARM.Collect$$libinit$$0000002C          0x1000029a   Section        0  libinit2.o(.ARM.Collect$$libinit$$0000002C)
    .ARM.Collect$$libinit$$0000002E          0x1000029a   Section        0  libinit2.o(.ARM.Collect$$libinit$$0000002E)
    .ARM.Collect$$libinit$$00000030          0x1000029a   Section        0  libinit2.o(.ARM.Collect$$libinit$$00000030)
    .ARM.Collect$$libinit$$00000032          0x1000029a   Section        0  libinit2.o(.ARM.Collect$$libinit$$00000032)
    .ARM.Collect$$libinit$$00000033          0x1000029a   Section        2  libinit2.o(.ARM.Collect$$libinit$$00000033)
    .ARM.Collect$$libshutdown$$00000000      0x1000029c   Section        2  libshutdown.o(.ARM.Collect$$libshutdown$$00000000)
    .ARM.Collect$$libshutdown$$00000002      0x1000029e   Section        0  libshutdown2.o(.ARM.Collect$$libshutdown$$00000002)
    .ARM.Collect$$libshutdown$$00000004      0x1000029e   Section        0  libshutdown2.o(.ARM.Collect$$libshutdown$$00000004)
    .ARM.Collect$$libshutdown$$00000006      0x1000029e   Section        0  libshutdown2.o(.ARM.Collect$$libshutdown$$00000006)
    .ARM.Collect$$libshutdown$$00000009      0x1000029e   Section        0  libshutdown2.o(.ARM.Collect$$libshutdown$$00000009)
    .ARM.Collect$$libshutdown$$0000000C      0x1000029e   Section        0  libshutdown2.o(.ARM.Collect$$libshutdown$$0000000C)
    .ARM.Collect$$libshutdown$$0000000E      0x1000029e   Section        0  libshutdown2.o(.ARM.Collect$$libshutdown$$0000000E)
    .ARM.Collect$$libshutdown$$00000011      0x1000029e   Section        0  libshutdown2.o(.ARM.Collect$$libshutdown$$00000011)
    .ARM.Collect$$libshutdown$$00000012      0x1000029e   Section        2  libshutdown2.o(.ARM.Collect$$libshutdown$$00000012)
    .ARM.Collect$$rtentry$$00000000          0x100002a0   Section        0  __rtentry.o(.ARM.Collect$$rtentry$$00000000)
    .ARM.Collect$$rtentry$$00000002          0x100002a0   Section        0  __rtentry2.o(.ARM.Collect$$rtentry$$00000002)
    .ARM.Collect$$rtentry$$00000004          0x100002a0   Section        6  __rtentry4.o(.ARM.Collect$$rtentry$$00000004)
    .ARM.Collect$$rtentry$$00000009          0x100002a6   Section        0  __rtentry2.o(.ARM.Collect$$rtentry$$00000009)
    .ARM.Collect$$rtentry$$0000000A          0x100002a6   Section        4  __rtentry2.o(.ARM.Collect$$rtentry$$0000000A)
    .ARM.Collect$$rtentry$$0000000C          0x100002aa   Section        0  __rtentry2.o(.ARM.Collect$$rtentry$$0000000C)
    .ARM.Collect$$rtentry$$0000000D          0x100002aa   Section        8  __rtentry2.o(.ARM.Collect$$rtentry$$0000000D)
    .ARM.Collect$$rtexit$$00000000           0x100002b2   Section        2  rtexit.o(.ARM.Collect$$rtexit$$00000000)
    .ARM.Collect$$rtexit$$00000002           0x100002b4   Section        0  rtexit2.o(.ARM.Collect$$rtexit$$00000002)
    .ARM.Collect$$rtexit$$00000003           0x100002b4   Section        4  rtexit2.o(.ARM.Collect$$rtexit$$00000003)
    .ARM.Collect$$rtexit$$00000004           0x100002b8   Section        6  rtexit2.o(.ARM.Collect$$rtexit$$00000004)
    .text                                    0x100002c0   Section      180  startup_mdr1986ve8t.o(.text)
    .text                                    0x10000374   Section        0  noretval__2sprintf.o(.text)
    .text                                    0x1000039c   Section        0  _printf_hex_int.o(.text)
    .text                                    0x100003f4   Section        0  heapauxi.o(.text)
    .text                                    0x100003fa   Section        2  use_no_semi.o(.text)
    .text                                    0x100003fc   Section        0  indicate_semi.o(.text)
    x$fpl$usenofp                            0x100003fc   Section        0  usenofp.o(x$fpl$usenofp)
    .ARM.__AT_0x10000400                     0x10000400   Section       80  sysinit.o(.ARM.__AT_0x10000400)
    .text                                    0x10000450   Section        0  sysinit.o(.text)
    .text                                    0x1000068c   Section        0  main.o(.text)
    .text                                    0x1000085c   Section        0  uarts.o(.text)
    .text                                    0x10000a48   Section        0  adc.o(.text)
    .text                                    0x10000ba8   Section        0  timer.o(.text)
    NVIC_EnableIRQ                           0x10000ce1   Thumb Code    22  timer.o(.text)
    NVIC_DisableIRQ                          0x10000cf7   Thumb Code    18  timer.o(.text)
    .text                                    0x10000d30   Section        0  __printf.o(.text)
    .text                                    0x10000d98   Section        0  strlen.o(.text)
    .text                                    0x10000dd6   Section      138  rt_memcpy_v6.o(.text)
    .text                                    0x10000e60   Section        0  _printf_intcommon.o(.text)
    .text                                    0x10000f14   Section        0  _printf_char_common.o(.text)
    _printf_input_char                       0x10000f15   Thumb Code    10  _printf_char_common.o(.text)
    .text                                    0x10000f44   Section        0  _sputc.o(.text)
    .text                                    0x10000f4e   Section      100  rt_memcpy_w.o(.text)
    .text                                    0x10000fb2   Section       74  sys_stackheap_outer.o(.text)
    .text                                    0x10000ffc   Section        0  exit.o(.text)
    .text                                    0x10001010   Section        8  libspace.o(.text)
    .text                                    0x10001018   Section        0  sys_exit.o(.text)
    x$fpl$dfixu                              0x10001024   Section       90  dfixu.o(x$fpl$dfixu)
    x$fpl$dfltu                              0x1000107e   Section       38  dflt_clz.o(x$fpl$dfltu)
    x$fpl$dmul                               0x100010a4   Section      340  dmul.o(x$fpl$dmul)
    x$fpl$dnaninf                            0x100011f8   Section      156  dnaninf.o(x$fpl$dnaninf)
    x$fpl$dretinf                            0x10001294   Section       12  dretinf.o(x$fpl$dretinf)
    .constdata                               0x100012a0   Section      512  uarts.o(.constdata)
    .constdata                               0x100014a0   Section       40  _printf_hex_int.o(.constdata)
    uc_hextab                                0x100014a0   Data          20  _printf_hex_int.o(.constdata)
    lc_hextab                                0x100014b4   Data          20  _printf_hex_int.o(.constdata)
    .data                                    0x20000000   Section       12  main.o(.data)
    .data                                    0x2000000c   Section        4  uarts.o(.data)
    .data                                    0x20000010   Section        8  adc.o(.data)
    .data                                    0x20000018   Section        8  timer.o(.data)
    .bss                                     0x20000020   Section      256  main.o(.bss)
    .bss                                     0x20000120   Section      256  uarts.o(.bss)
    .bss                                     0x20000220   Section    14348  adc.o(.bss)
    .bss                                     0x20003a2c   Section       96  libspace.o(.bss)
    HEAP                                     0x20003a90   Section     1024  startup_mdr1986ve8t.o(HEAP)
    Heap_Mem                                 0x20003a90   Data        1024  startup_mdr1986ve8t.o(HEAP)
    STACK                                    0x20003e90   Section     1024  startup_mdr1986ve8t.o(STACK)
    Stack_Mem                                0x20003e90   Data        1024  startup_mdr1986ve8t.o(STACK)
    __initial_sp                             0x20004290   Data           0  startup_mdr1986ve8t.o(STACK)

    Global Symbols

    Symbol Name                              Value     Ov Type        Size  Object(Section)

    BuildAttributes$$THM_ISAv4$E$P$D$K$B$S$7EM$PE$A:L22UL41UL21$X:L11$S22US41US21$IEEE1$IW$USESV6$~STKCKD$USESV7$~SHL$OSPACE$ROPI$EBA8$UX$STANDARDLIB$REQ8$PRES8$EABIv2 0x00000000   Number         0  anon$$obj.o ABSOLUTE
    __ARM_use_no_argv                        0x00000000   Number         0  main.o ABSOLUTE
    __ARM_exceptions_init                     - Undefined Weak Reference
    __alloca_initialize                       - Undefined Weak Reference
    __arm_fini_                               - Undefined Weak Reference
    __arm_preinit_                            - Undefined Weak Reference
    __cpp_initialize__aeabi_                  - Undefined Weak Reference
    __cxa_finalize                            - Undefined Weak Reference
    __rt_locale                               - Undefined Weak Reference
    __sigvec_lookup                           - Undefined Weak Reference
    _atexit_init                              - Undefined Weak Reference
    _call_atexit_fns                          - Undefined Weak Reference
    _clock_init                               - Undefined Weak Reference
    _fp_trap_init                             - Undefined Weak Reference
    _fp_trap_shutdown                         - Undefined Weak Reference
    _get_lc_collate                           - Undefined Weak Reference
    _get_lc_ctype                             - Undefined Weak Reference
    _get_lc_monetary                          - Undefined Weak Reference
    _get_lc_numeric                           - Undefined Weak Reference
    _get_lc_time                              - Undefined Weak Reference
    _getenv_init                              - Undefined Weak Reference
    _handle_redirection                       - Undefined Weak Reference
    _init_alloc                               - Undefined Weak Reference
    _init_user_alloc                          - Undefined Weak Reference
    _initio                                   - Undefined Weak Reference
    _printf_post_padding                      - Undefined Weak Reference
    _printf_pre_padding                       - Undefined Weak Reference
    _printf_truncate_unsigned                 - Undefined Weak Reference
    _rand_init                                - Undefined Weak Reference
    _signal_finish                            - Undefined Weak Reference
    _signal_init                              - Undefined Weak Reference
    _terminate_alloc                          - Undefined Weak Reference
    _terminate_user_alloc                     - Undefined Weak Reference
    _terminateio                              - Undefined Weak Reference
    __Vectors_Size                           0x00000238   Number         0  startup_mdr1986ve8t.o ABSOLUTE
    __Vectors                                0x10000000   Data           4  startup_mdr1986ve8t.o(RESET)
    __Vectors_End                            0x10000238   Data           0  startup_mdr1986ve8t.o(RESET)
    __main                                   0x10000239   Thumb Code     8  __main.o(!!!main)
    __scatterload                            0x10000241   Thumb Code     0  __scatter.o(!!!scatter)
    __scatterload_rt2                        0x10000241   Thumb Code    44  __scatter.o(!!!scatter)
    __scatterload_rt2_thumb_only             0x10000241   Thumb Code     0  __scatter.o(!!!scatter)
    __scatterload_null                       0x1000024f   Thumb Code     0  __scatter.o(!!!scatter)
    __scatterload_copy                       0x10000275   Thumb Code    26  __scatter_copy.o(!!handler_copy)
    _printf_percent                          0x1000028f   Thumb Code     0  _printf_percent.o(.ARM.Collect$$_printf_percent$$00000000)
    _printf_x                                0x1000028f   Thumb Code     0  _printf_x.o(.ARM.Collect$$_printf_percent$$0000000C)
    _printf_percent_end                      0x10000295   Thumb Code     0  _printf_percent_end.o(.ARM.Collect$$_printf_percent$$00000017)
    __rt_lib_init                            0x10000299   Thumb Code     0  libinit.o(.ARM.Collect$$libinit$$00000000)
    __rt_lib_init_alloca_1                   0x1000029b   Thumb Code     0  libinit2.o(.ARM.Collect$$libinit$$0000002E)
    __rt_lib_init_argv_1                     0x1000029b   Thumb Code     0  libinit2.o(.ARM.Collect$$libinit$$0000002C)
    __rt_lib_init_atexit_1                   0x1000029b   Thumb Code     0  libinit2.o(.ARM.Collect$$libinit$$0000001B)
    __rt_lib_init_clock_1                    0x1000029b   Thumb Code     0  libinit2.o(.ARM.Collect$$libinit$$00000021)
    __rt_lib_init_cpp_1                      0x1000029b   Thumb Code     0  libinit2.o(.ARM.Collect$$libinit$$00000032)
    __rt_lib_init_exceptions_1               0x1000029b   Thumb Code     0  libinit2.o(.ARM.Collect$$libinit$$00000030)
    __rt_lib_init_fp_1                       0x1000029b   Thumb Code     0  libinit2.o(.ARM.Collect$$libinit$$00000002)
    __rt_lib_init_fp_trap_1                  0x1000029b   Thumb Code     0  libinit2.o(.ARM.Collect$$libinit$$0000001F)
    __rt_lib_init_getenv_1                   0x1000029b   Thumb Code     0  libinit2.o(.ARM.Collect$$libinit$$00000023)
    __rt_lib_init_heap_1                     0x1000029b   Thumb Code     0  libinit2.o(.ARM.Collect$$libinit$$0000000A)
    __rt_lib_init_lc_collate_1               0x1000029b   Thumb Code     0  libinit2.o(.ARM.Collect$$libinit$$00000011)
    __rt_lib_init_lc_ctype_1                 0x1000029b   Thumb Code     0  libinit2.o(.ARM.Collect$$libinit$$00000013)
    __rt_lib_init_lc_monetary_1              0x1000029b   Thumb Code     0  libinit2.o(.ARM.Collect$$libinit$$00000015)
    __rt_lib_init_lc_numeric_1               0x1000029b   Thumb Code     0  libinit2.o(.ARM.Collect$$libinit$$00000017)
    __rt_lib_init_lc_time_1                  0x1000029b   Thumb Code     0  libinit2.o(.ARM.Collect$$libinit$$00000019)
    __rt_lib_init_preinit_1                  0x1000029b   Thumb Code     0  libinit2.o(.ARM.Collect$$libinit$$00000004)
    __rt_lib_init_rand_1                     0x1000029b   Thumb Code     0  libinit2.o(.ARM.Collect$$libinit$$0000000E)
    __rt_lib_init_return                     0x1000029b   Thumb Code     0  libinit2.o(.ARM.Collect$$libinit$$00000033)
    __rt_lib_init_signal_1                   0x1000029b   Thumb Code     0  libinit2.o(.ARM.Collect$$libinit$$0000001D)
    __rt_lib_init_stdio_1                    0x1000029b   Thumb Code     0  libinit2.o(.ARM.Collect$$libinit$$00000025)
    __rt_lib_init_user_alloc_1               0x1000029b   Thumb Code     0  libinit2.o(.ARM.Collect$$libinit$$0000000C)
    __rt_lib_shutdown                        0x1000029d   Thumb Code     0  libshutdown.o(.ARM.Collect$$libshutdown$$00000000)
    __rt_lib_shutdown_cpp_1                  0x1000029f   Thumb Code     0  libshutdown2.o(.ARM.Collect$$libshutdown$$00000004)
    __rt_lib_shutdown_fini_1                 0x1000029f   Thumb Code     0  libshutdown2.o(.ARM.Collect$$libshutdown$$00000002)
    __rt_lib_shutdown_fp_trap_1              0x1000029f   Thumb Code     0  libshutdown2.o(.ARM.Collect$$libshutdown$$00000009)
    __rt_lib_shutdown_heap_1                 0x1000029f   Thumb Code     0  libshutdown2.o(.ARM.Collect$$libshutdown$$00000011)
    __rt_lib_shutdown_return                 0x1000029f   Thumb Code     0  libshutdown2.o(.ARM.Collect$$libshutdown$$00000012)
    __rt_lib_shutdown_signal_1               0x1000029f   Thumb Code     0  libshutdown2.o(.ARM.Collect$$libshutdown$$0000000C)
    __rt_lib_shutdown_stdio_1                0x1000029f   Thumb Code     0  libshutdown2.o(.ARM.Collect$$libshutdown$$00000006)
    __rt_lib_shutdown_user_alloc_1           0x1000029f   Thumb Code     0  libshutdown2.o(.ARM.Collect$$libshutdown$$0000000E)
    __rt_entry                               0x100002a1   Thumb Code     0  __rtentry.o(.ARM.Collect$$rtentry$$00000000)
    __rt_entry_presh_1                       0x100002a1   Thumb Code     0  __rtentry2.o(.ARM.Collect$$rtentry$$00000002)
    __rt_entry_sh                            0x100002a1   Thumb Code     0  __rtentry4.o(.ARM.Collect$$rtentry$$00000004)
    __rt_entry_li                            0x100002a7   Thumb Code     0  __rtentry2.o(.ARM.Collect$$rtentry$$0000000A)
    __rt_entry_postsh_1                      0x100002a7   Thumb Code     0  __rtentry2.o(.ARM.Collect$$rtentry$$00000009)
    __rt_entry_main                          0x100002ab   Thumb Code     0  __rtentry2.o(.ARM.Collect$$rtentry$$0000000D)
    __rt_entry_postli_1                      0x100002ab   Thumb Code     0  __rtentry2.o(.ARM.Collect$$rtentry$$0000000C)
    __rt_exit                                0x100002b3   Thumb Code     0  rtexit.o(.ARM.Collect$$rtexit$$00000000)
    __rt_exit_ls                             0x100002b5   Thumb Code     0  rtexit2.o(.ARM.Collect$$rtexit$$00000003)
    __rt_exit_prels_1                        0x100002b5   Thumb Code     0  rtexit2.o(.ARM.Collect$$rtexit$$00000002)
    __rt_exit_exit                           0x100002b9   Thumb Code     0  rtexit2.o(.ARM.Collect$$rtexit$$00000004)
    Reset_Handler                            0x100002c1   Thumb Code     4  startup_mdr1986ve8t.o(.text)
    NMI_Handler                              0x100002c5   Thumb Code     2  startup_mdr1986ve8t.o(.text)
    HardFault_Handler                        0x100002c7   Thumb Code     2  startup_mdr1986ve8t.o(.text)
    MemoryMngFault_Handler                   0x100002c9   Thumb Code     2  startup_mdr1986ve8t.o(.text)
    BusFault_Handler                         0x100002cb   Thumb Code     2  startup_mdr1986ve8t.o(.text)
    UsageFault_Handler                       0x100002cd   Thumb Code     2  startup_mdr1986ve8t.o(.text)
    SVCall_Handler                           0x100002cf   Thumb Code     2  startup_mdr1986ve8t.o(.text)
    PendSV_Handler                           0x100002d1   Thumb Code     2  startup_mdr1986ve8t.o(.text)
    Systick_Handler                          0x100002d3   Thumb Code     2  startup_mdr1986ve8t.o(.text)
    FT_IF0_Handler                           0x100002d5   Thumb Code     2  startup_mdr1986ve8t.o(.text)
    FT_IF1_Handler                           0x100002d7   Thumb Code     2  startup_mdr1986ve8t.o(.text)
    FT_IF2_Handler                           0x100002d9   Thumb Code     2  startup_mdr1986ve8t.o(.text)
    FT_IF3_Handler                           0x100002db   Thumb Code     2  startup_mdr1986ve8t.o(.text)
    CLK_IF_Handler                           0x100002dd   Thumb Code     2  startup_mdr1986ve8t.o(.text)
    PVD_IF_Handler                           0x100002df   Thumb Code     2  startup_mdr1986ve8t.o(.text)
    RTC_IF_Handler                           0x100002e1   Thumb Code     2  startup_mdr1986ve8t.o(.text)
    BKP_IF_Handler                           0x100002e3   Thumb Code     2  startup_mdr1986ve8t.o(.text)
    EXT_INTERROR0_Handler                    0x100002e5   Thumb Code     2  startup_mdr1986ve8t.o(.text)
    EXT_INTERROR1_Handler                    0x100002e7   Thumb Code     2  startup_mdr1986ve8t.o(.text)
    EXT_INTERROR2_Handler                    0x100002e9   Thumb Code     2  startup_mdr1986ve8t.o(.text)
    EXT_INTERROR3_Handler                    0x100002eb   Thumb Code     2  startup_mdr1986ve8t.o(.text)
    EXT_INTERROR4_Handler                    0x100002ed   Thumb Code     2  startup_mdr1986ve8t.o(.text)
    EXT_INTERROR5_Handler                    0x100002ef   Thumb Code     2  startup_mdr1986ve8t.o(.text)
    EXT_INTERROR6_Handler                    0x100002f1   Thumb Code     2  startup_mdr1986ve8t.o(.text)
    EXT_INTERROR7_Handler                    0x100002f3   Thumb Code     2  startup_mdr1986ve8t.o(.text)
    IF_ERR_SCR_Handler                       0x100002f5   Thumb Code     2  startup_mdr1986ve8t.o(.text)
    IF_FIN_SCR_Handler                       0x100002f7   Thumb Code     2  startup_mdr1986ve8t.o(.text)
    DMA_ERR_Handler                          0x100002f9   Thumb Code     2  startup_mdr1986ve8t.o(.text)
    DMA_DONE0_Handler                        0x100002fb   Thumb Code     2  startup_mdr1986ve8t.o(.text)
    DMA_DONE1_Handler                        0x100002fd   Thumb Code     2  startup_mdr1986ve8t.o(.text)
    IRQ_PORTA_Handler                        0x100002ff   Thumb Code     2  startup_mdr1986ve8t.o(.text)
    IRQ_PORTB_Handler                        0x10000301   Thumb Code     2  startup_mdr1986ve8t.o(.text)
    IRQ_PORTC_Handler                        0x10000303   Thumb Code     2  startup_mdr1986ve8t.o(.text)
    IRQ_PORTD_Handler                        0x10000305   Thumb Code     2  startup_mdr1986ve8t.o(.text)
    IRQ_PORTE_Handler                        0x10000307   Thumb Code     2  startup_mdr1986ve8t.o(.text)
    IRQ_PORTF_Handler                        0x10000309   Thumb Code     2  startup_mdr1986ve8t.o(.text)
    INT_ETH0_Handler                         0x1000030b   Thumb Code     2  startup_mdr1986ve8t.o(.text)
    INT_ETH1_Handler                         0x1000030d   Thumb Code     2  startup_mdr1986ve8t.o(.text)
    INT_SPW0_Handler                         0x1000030f   Thumb Code     2  startup_mdr1986ve8t.o(.text)
    INT_SPW1_Handler                         0x10000311   Thumb Code     2  startup_mdr1986ve8t.o(.text)
    INT_TMR0_Handler                         0x10000313   Thumb Code     2  startup_mdr1986ve8t.o(.text)
    INT_TMR2_Handler                         0x10000317   Thumb Code     2  startup_mdr1986ve8t.o(.text)
    INT_TMR4_Handler                         0x1000031b   Thumb Code     2  startup_mdr1986ve8t.o(.text)
    INT_TMR5_Handler                         0x1000031d   Thumb Code     2  startup_mdr1986ve8t.o(.text)
    INT_CAN0_Handler                         0x1000031f   Thumb Code     2  startup_mdr1986ve8t.o(.text)
    INT_CAN1_Handler                         0x10000321   Thumb Code     2  startup_mdr1986ve8t.o(.text)
    INT_CAN2_Handler                         0x10000323   Thumb Code     2  startup_mdr1986ve8t.o(.text)
    INT_CAN3_Handler                         0x10000325   Thumb Code     2  startup_mdr1986ve8t.o(.text)
    INT_CAN4_Handler                         0x10000327   Thumb Code     2  startup_mdr1986ve8t.o(.text)
    INT_SSP0_Handler                         0x10000329   Thumb Code     2  startup_mdr1986ve8t.o(.text)
    INT_SSP1_Handler                         0x1000032b   Thumb Code     2  startup_mdr1986ve8t.o(.text)
    INT_SSP2_Handler                         0x1000032d   Thumb Code     2  startup_mdr1986ve8t.o(.text)
    INT_SSP3_Handler                         0x1000032f   Thumb Code     2  startup_mdr1986ve8t.o(.text)
    INT_UART1_Handler                        0x10000333   Thumb Code     2  startup_mdr1986ve8t.o(.text)
    INT_UART2_Handler                        0x10000335   Thumb Code     2  startup_mdr1986ve8t.o(.text)
    INT_UART3_Handler                        0x10000337   Thumb Code     2  startup_mdr1986ve8t.o(.text)
    INT_USB_Handler                          0x10000339   Thumb Code     2  startup_mdr1986ve8t.o(.text)
    INT_RX_ARC0_Handler                      0x1000033b   Thumb Code     2  startup_mdr1986ve8t.o(.text)
    INT_TX_ARC0_Handler                      0x1000033d   Thumb Code     2  startup_mdr1986ve8t.o(.text)
    INT_RX_ARC1_Handler                      0x1000033f   Thumb Code     2  startup_mdr1986ve8t.o(.text)
    INT_TX_ARC1_Handler                      0x10000341   Thumb Code     2  startup_mdr1986ve8t.o(.text)
    INT_MIL0_Handler                         0x10000343   Thumb Code     2  startup_mdr1986ve8t.o(.text)
    INT_MIL1_Handler                         0x10000345   Thumb Code     2  startup_mdr1986ve8t.o(.text)
    INT_ADC0_Handler                         0x10000347   Thumb Code     2  startup_mdr1986ve8t.o(.text)
    INT_ADC1_Handler                         0x10000349   Thumb Code     2  startup_mdr1986ve8t.o(.text)
    INT_DAC0_Handler                         0x1000034b   Thumb Code     2  startup_mdr1986ve8t.o(.text)
    INT_DAC1_Handler                         0x1000034d   Thumb Code     2  startup_mdr1986ve8t.o(.text)
    INT_CRYPTO_Handler                       0x1000034f   Thumb Code     2  startup_mdr1986ve8t.o(.text)
    INT_CRC_Handler                          0x10000351   Thumb Code     2  startup_mdr1986ve8t.o(.text)
    INT_ECC_Handler                          0x10000353   Thumb Code     2  startup_mdr1986ve8t.o(.text)
    __user_initial_stackheap                 0x10000355   Thumb Code     0  startup_mdr1986ve8t.o(.text)
    __2sprintf                               0x10000375   Thumb Code    34  noretval__2sprintf.o(.text)
    _printf_int_hex                          0x1000039d   Thumb Code    84  _printf_hex_int.o(.text)
    _printf_longlong_hex                     0x1000039d   Thumb Code     0  _printf_hex_int.o(.text)
    __use_two_region_memory                  0x100003f5   Thumb Code     2  heapauxi.o(.text)
    __rt_heap_escrow$2region                 0x100003f7   Thumb Code     2  heapauxi.o(.text)
    __rt_heap_expand$2region                 0x100003f9   Thumb Code     2  heapauxi.o(.text)
    __I$use$semihosting                      0x100003fb   Thumb Code     0  use_no_semi.o(.text)
    __use_no_semihosting_swi                 0x100003fb   Thumb Code     2  use_no_semi.o(.text)
    __I$use$fp                               0x100003fc   Number         0  usenofp.o(x$fpl$usenofp)
    __semihosting_library_function           0x100003fd   Thumb Code     0  indicate_semi.o(.text)
    ExtBusCfgCode                            0x10000400   Data          80  sysinit.o(.ARM.__AT_0x10000400)
    System_Init                              0x10000451   Thumb Code   452  sysinit.o(.text)
    main                                     0x1000068d   Thumb Code   374  main.o(.text)
    UART0_Init                               0x1000085d   Thumb Code   108  uarts.o(.text)
    GetCRC                                   0x100008c9   Thumb Code    48  uarts.o(.text)
    UART0_SendPacket                         0x100008f9   Thumb Code   154  uarts.o(.text)
    UART0_GetPacket                          0x10000993   Thumb Code    80  uarts.o(.text)
    INT_UART0_Handler                        0x100009e3   Thumb Code    58  uarts.o(.text)
    ADC_Init                                 0x10000a49   Thumb Code   188  adc.o(.text)
    INT_TMR1_Handler                         0x10000b05   Thumb Code   118  adc.o(.text)
    Timers_Init                              0x10000ba9   Thumb Code    60  timer.o(.text)
    Timers_Stop                              0x10000be5   Thumb Code    40  timer.o(.text)
    INT_TMR3_Handler                         0x10000c0d   Thumb Code    56  timer.o(.text)
    Timers_Start                             0x10000c45   Thumb Code    88  timer.o(.text)
    Timer_PWM_Set                            0x10000c9d   Thumb Code    68  timer.o(.text)
    __printf                                 0x10000d31   Thumb Code   104  __printf.o(.text)
    strlen                                   0x10000d99   Thumb Code    62  strlen.o(.text)
    __aeabi_memcpy                           0x10000dd7   Thumb Code     0  rt_memcpy_v6.o(.text)
    __rt_memcpy                              0x10000dd7   Thumb Code   138  rt_memcpy_v6.o(.text)
    _memcpy_lastbytes                        0x10000e3d   Thumb Code     0  rt_memcpy_v6.o(.text)
    _printf_int_common                       0x10000e61   Thumb Code   178  _printf_intcommon.o(.text)
    _printf_char_common                      0x10000f1f   Thumb Code    32  _printf_char_common.o(.text)
    _sputc                                   0x10000f45   Thumb Code    10  _sputc.o(.text)
    __aeabi_memcpy4                          0x10000f4f   Thumb Code     0  rt_memcpy_w.o(.text)
    __aeabi_memcpy8                          0x10000f4f   Thumb Code     0  rt_memcpy_w.o(.text)
    __rt_memcpy_w                            0x10000f4f   Thumb Code   100  rt_memcpy_w.o(.text)
    _memcpy_lastbytes_aligned                0x10000f97   Thumb Code     0  rt_memcpy_w.o(.text)
    __user_setup_stackheap                   0x10000fb3   Thumb Code    74  sys_stackheap_outer.o(.text)
    exit                                     0x10000ffd   Thumb Code    18  exit.o(.text)
    __user_libspace                          0x10001011   Thumb Code     8  libspace.o(.text)
    __user_perproc_libspace                  0x10001011   Thumb Code     0  libspace.o(.text)
    __user_perthread_libspace                0x10001011   Thumb Code     0  libspace.o(.text)
    _sys_exit                                0x10001019   Thumb Code     8  sys_exit.o(.text)
    __aeabi_d2uiz                            0x10001025   Thumb Code     0  dfixu.o(x$fpl$dfixu)
    _dfixu                                   0x10001025   Thumb Code    90  dfixu.o(x$fpl$dfixu)
    __aeabi_ui2d                             0x1000107f   Thumb Code     0  dflt_clz.o(x$fpl$dfltu)
    _dfltu                                   0x1000107f   Thumb Code    38  dflt_clz.o(x$fpl$dfltu)
    __aeabi_dmul                             0x100010a5   Thumb Code     0  dmul.o(x$fpl$dmul)
    _dmul                                    0x100010a5   Thumb Code   332  dmul.o(x$fpl$dmul)
    __fpl_dnaninf                            0x100011f9   Thumb Code   156  dnaninf.o(x$fpl$dnaninf)
    __fpl_dretinf                            0x10001295   Thumb Code    12  dretinf.o(x$fpl$dretinf)
    auchCRCLo                                0x100012a0   Data         256  uarts.o(.constdata)
    auchCRCHi                                0x100013a0   Data         256  uarts.o(.constdata)
    Region$$Table$$Base                      0x100014c8   Number         0  anon$$obj.o(Region$$Table)
    Region$$Table$$Limit                     0x100014d8   Number         0  anon$$obj.o(Region$$Table)
    i                                        0x20000000   Data           4  main.o(.data)
    n                                        0x20000004   Data           4  main.o(.data)
    shift                                    0x20000008   Data           4  main.o(.data)
    Rx0BuffPtr                               0x2000000c   Data           1  uarts.o(.data)
    CRC16                                    0x2000000e   Data           2  uarts.o(.data)
    ADCDataPtr                               0x20000010   Data           2  adc.o(.data)
    ChList                                   0x20000014   Data           4  adc.o(.data)
    time_ARR                                 0x20000018   Data           4  timer.o(.data)
    PWM_time                                 0x2000001c   Data           4  timer.o(.data)
    Buff                                     0x20000020   Data         256  main.o(.bss)
    Rx0Buff                                  0x20000120   Data         256  uarts.o(.bss)
    ADCSample                                0x20000220   Data          12  adc.o(.bss)
    ADCData                                  0x2000022c   Data       14336  adc.o(.bss)
    __libspace_start                         0x20003a2c   Data          96  libspace.o(.bss)
    __temporary_stack_top$libspace           0x20003a8c   Data           0  libspace.o(.bss)



==============================================================================

Memory Map of the image

  Image Entry point : 0x10000239

  Load Region LR_IROM1 (Base: 0x10000000, Size: 0x000014f8, Max: 0x00020000, ABSOLUTE)

    Execution Region ER_IROM1 (Exec base: 0x10000000, Load base: 0x10000000, Size: 0x000014d8, Max: 0x00020000, ABSOLUTE)

    Exec Addr    Load Addr    Size         Type   Attr      Idx    E Section Name        Object

    0x10000000   0x10000000   0x00000238   Data   RO          183    RESET               startup_mdr1986ve8t.o
    0x10000238   0x10000238   0x00000008   Code   RO          245  * !!!main             c_w.l(__main.o)
    0x10000240   0x10000240   0x00000034   Code   RO          432    !!!scatter          c_w.l(__scatter.o)
    0x10000274   0x10000274   0x0000001a   Code   RO          434    !!handler_copy      c_w.l(__scatter_copy.o)
    0x1000028e   0x1000028e   0x00000000   Code   RO          238    .ARM.Collect$$_printf_percent$$00000000  c_w.l(_printf_percent.o)
    0x1000028e   0x1000028e   0x00000006   Code   RO          237    .ARM.Collect$$_printf_percent$$0000000C  c_w.l(_printf_x.o)
    0x10000294   0x10000294   0x00000004   Code   RO          266    .ARM.Collect$$_printf_percent$$00000017  c_w.l(_printf_percent_end.o)
    0x10000298   0x10000298   0x00000002   Code   RO          300    .ARM.Collect$$libinit$$00000000  c_w.l(libinit.o)
    0x1000029a   0x1000029a   0x00000000   Code   RO          307    .ARM.Collect$$libinit$$00000002  c_w.l(libinit2.o)
    0x1000029a   0x1000029a   0x00000000   Code   RO          309    .ARM.Collect$$libinit$$00000004  c_w.l(libinit2.o)
    0x1000029a   0x1000029a   0x00000000   Code   RO          312    .ARM.Collect$$libinit$$0000000A  c_w.l(libinit2.o)
    0x1000029a   0x1000029a   0x00000000   Code   RO          314    .ARM.Collect$$libinit$$0000000C  c_w.l(libinit2.o)
    0x1000029a   0x1000029a   0x00000000   Code   RO          316    .ARM.Collect$$libinit$$0000000E  c_w.l(libinit2.o)
    0x1000029a   0x1000029a   0x00000000   Code   RO          319    .ARM.Collect$$libinit$$00000011  c_w.l(libinit2.o)
    0x1000029a   0x1000029a   0x00000000   Code   RO          321    .ARM.Collect$$libinit$$00000013  c_w.l(libinit2.o)
    0x1000029a   0x1000029a   0x00000000   Code   RO          323    .ARM.Collect$$libinit$$00000015  c_w.l(libinit2.o)
    0x1000029a   0x1000029a   0x00000000   Code   RO          325    .ARM.Collect$$libinit$$00000017  c_w.l(libinit2.o)
    0x1000029a   0x1000029a   0x00000000   Code   RO          327    .ARM.Collect$$libinit$$00000019  c_w.l(libinit2.o)
    0x1000029a   0x1000029a   0x00000000   Code   RO          329    .ARM.Collect$$libinit$$0000001B  c_w.l(libinit2.o)
    0x1000029a   0x1000029a   0x00000000   Code   RO          331    .ARM.Collect$$libinit$$0000001D  c_w.l(libinit2.o)
    0x1000029a   0x1000029a   0x00000000   Code   RO          333    .ARM.Collect$$libinit$$0000001F  c_w.l(libinit2.o)
    0x1000029a   0x1000029a   0x00000000   Code   RO          335    .ARM.Collect$$libinit$$00000021  c_w.l(libinit2.o)
    0x1000029a   0x1000029a   0x00000000   Code   RO          337    .ARM.Collect$$libinit$$00000023  c_w.l(libinit2.o)
    0x1000029a   0x1000029a   0x00000000   Code   RO          339    .ARM.Collect$$libinit$$00000025  c_w.l(libinit2.o)
    0x1000029a   0x1000029a   0x00000000   Code   RO          343    .ARM.Collect$$libinit$$0000002C  c_w.l(libinit2.o)
    0x1000029a   0x1000029a   0x00000000   Code   RO          345    .ARM.Collect$$libinit$$0000002E  c_w.l(libinit2.o)
    0x1000029a   0x1000029a   0x00000000   Code   RO          347    .ARM.Collect$$libinit$$00000030  c_w.l(libinit2.o)
    0x1000029a   0x1000029a   0x00000000   Code   RO          349    .ARM.Collect$$libinit$$00000032  c_w.l(libinit2.o)
    0x1000029a   0x1000029a   0x00000002   Code   RO          350    .ARM.Collect$$libinit$$00000033  c_w.l(libinit2.o)
    0x1000029c   0x1000029c   0x00000002   Code   RO          370    .ARM.Collect$$libshutdown$$00000000  c_w.l(libshutdown.o)
    0x1000029e   0x1000029e   0x00000000   Code   RO          383    .ARM.Collect$$libshutdown$$00000002  c_w.l(libshutdown2.o)
    0x1000029e   0x1000029e   0x00000000   Code   RO          385    .ARM.Collect$$libshutdown$$00000004  c_w.l(libshutdown2.o)
    0x1000029e   0x1000029e   0x00000000   Code   RO          387    .ARM.Collect$$libshutdown$$00000006  c_w.l(libshutdown2.o)
    0x1000029e   0x1000029e   0x00000000   Code   RO          390    .ARM.Collect$$libshutdown$$00000009  c_w.l(libshutdown2.o)
    0x1000029e   0x1000029e   0x00000000   Code   RO          393    .ARM.Collect$$libshutdown$$0000000C  c_w.l(libshutdown2.o)
    0x1000029e   0x1000029e   0x00000000   Code   RO          395    .ARM.Collect$$libshutdown$$0000000E  c_w.l(libshutdown2.o)
    0x1000029e   0x1000029e   0x00000000   Code   RO          398    .ARM.Collect$$libshutdown$$00000011  c_w.l(libshutdown2.o)
    0x1000029e   0x1000029e   0x00000002   Code   RO          399    .ARM.Collect$$libshutdown$$00000012  c_w.l(libshutdown2.o)
    0x100002a0   0x100002a0   0x00000000   Code   RO          259    .ARM.Collect$$rtentry$$00000000  c_w.l(__rtentry.o)
    0x100002a0   0x100002a0   0x00000000   Code   RO          275    .ARM.Collect$$rtentry$$00000002  c_w.l(__rtentry2.o)
    0x100002a0   0x100002a0   0x00000006   Code   RO          287    .ARM.Collect$$rtentry$$00000004  c_w.l(__rtentry4.o)
    0x100002a6   0x100002a6   0x00000000   Code   RO          277    .ARM.Collect$$rtentry$$00000009  c_w.l(__rtentry2.o)
    0x100002a6   0x100002a6   0x00000004   Code   RO          278    .ARM.Collect$$rtentry$$0000000A  c_w.l(__rtentry2.o)
    0x100002aa   0x100002aa   0x00000000   Code   RO          280    .ARM.Collect$$rtentry$$0000000C  c_w.l(__rtentry2.o)
    0x100002aa   0x100002aa   0x00000008   Code   RO          281    .ARM.Collect$$rtentry$$0000000D  c_w.l(__rtentry2.o)
    0x100002b2   0x100002b2   0x00000002   Code   RO          304    .ARM.Collect$$rtexit$$00000000  c_w.l(rtexit.o)
    0x100002b4   0x100002b4   0x00000000   Code   RO          352    .ARM.Collect$$rtexit$$00000002  c_w.l(rtexit2.o)
    0x100002b4   0x100002b4   0x00000004   Code   RO          353    .ARM.Collect$$rtexit$$00000003  c_w.l(rtexit2.o)
    0x100002b8   0x100002b8   0x00000006   Code   RO          354    .ARM.Collect$$rtexit$$00000004  c_w.l(rtexit2.o)
    0x100002be   0x100002be   0x00000002   PAD
    0x100002c0   0x100002c0   0x000000b4   Code   RO          184    .text               startup_mdr1986ve8t.o
    0x10000374   0x10000374   0x00000028   Code   RO          192    .text               c_w.l(noretval__2sprintf.o)
    0x1000039c   0x1000039c   0x00000058   Code   RO          199    .text               c_w.l(_printf_hex_int.o)
    0x100003f4   0x100003f4   0x00000006   Code   RO          243    .text               c_w.l(heapauxi.o)
    0x100003fa   0x100003fa   0x00000002   Code   RO          373    .text               c_w.l(use_no_semi.o)
    0x100003fc   0x100003fc   0x00000000   Code   RO          375    .text               c_w.l(indicate_semi.o)
    0x100003fc   0x100003fc   0x00000000   Code   RO          273    x$fpl$usenofp       fz_ws.l(usenofp.o)
    0x100003fc   0x100003fc   0x00000004   PAD
    0x10000400   0x10000400   0x00000050   Data   RO            2    .ARM.__AT_0x10000400  sysinit.o
    0x10000450   0x10000450   0x0000023c   Code   RO            1    .text               sysinit.o
    0x1000068c   0x1000068c   0x000001d0   Code   RO           28    .text               main.o
    0x1000085c   0x1000085c   0x000001ec   Code   RO          104    .text               uarts.o
    0x10000a48   0x10000a48   0x00000160   Code   RO          124    .text               adc.o
    0x10000ba8   0x10000ba8   0x00000188   Code   RO          140    .text               timer.o
    0x10000d30   0x10000d30   0x00000068   Code   RO          194    .text               c_w.l(__printf.o)
    0x10000d98   0x10000d98   0x0000003e   Code   RO          239    .text               c_w.l(strlen.o)
    0x10000dd6   0x10000dd6   0x0000008a   Code   RO          241    .text               c_w.l(rt_memcpy_v6.o)
    0x10000e60   0x10000e60   0x000000b2   Code   RO          260    .text               c_w.l(_printf_intcommon.o)
    0x10000f12   0x10000f12   0x00000002   PAD
    0x10000f14   0x10000f14   0x00000030   Code   RO          262    .text               c_w.l(_printf_char_common.o)
    0x10000f44   0x10000f44   0x0000000a   Code   RO          264    .text               c_w.l(_sputc.o)
    0x10000f4e   0x10000f4e   0x00000064   Code   RO          267    .text               c_w.l(rt_memcpy_w.o)
    0x10000fb2   0x10000fb2   0x0000004a   Code   RO          291    .text               c_w.l(sys_stackheap_outer.o)
    0x10000ffc   0x10000ffc   0x00000012   Code   RO          293    .text               c_w.l(exit.o)
    0x1000100e   0x1000100e   0x00000002   PAD
    0x10001010   0x10001010   0x00000008   Code   RO          301    .text               c_w.l(libspace.o)
    0x10001018   0x10001018   0x0000000c   Code   RO          362    .text               c_w.l(sys_exit.o)
    0x10001024   0x10001024   0x0000005a   Code   RO          247    x$fpl$dfixu         fz_ws.l(dfixu.o)
    0x1000107e   0x1000107e   0x00000026   Code   RO          251    x$fpl$dfltu         fz_ws.l(dflt_clz.o)
    0x100010a4   0x100010a4   0x00000154   Code   RO          257    x$fpl$dmul          fz_ws.l(dmul.o)
    0x100011f8   0x100011f8   0x0000009c   Code   RO          269    x$fpl$dnaninf       fz_ws.l(dnaninf.o)
    0x10001294   0x10001294   0x0000000c   Code   RO          271    x$fpl$dretinf       fz_ws.l(dretinf.o)
    0x100012a0   0x100012a0   0x00000200   Data   RO          106    .constdata          uarts.o
    0x100014a0   0x100014a0   0x00000028   Data   RO          200    .constdata          c_w.l(_printf_hex_int.o)
    0x100014c8   0x100014c8   0x00000010   Data   RO          430    Region$$Table       anon$$obj.o


    Execution Region RW_IRAM1 (Exec base: 0x20000000, Load base: 0x100014d8, Size: 0x00004290, Max: 0x00008000, ABSOLUTE, UNINIT)

    Exec Addr    Load Addr    Size         Type   Attr      Idx    E Section Name        Object

    0x20000000   0x100014d8   0x0000000c   Data   RW           30    .data               main.o
    0x2000000c   0x100014e4   0x00000004   Data   RW          107    .data               uarts.o
    0x20000010   0x100014e8   0x00000008   Data   RW          126    .data               adc.o
    0x20000018   0x100014f0   0x00000008   Data   RW          141    .data               timer.o
    0x20000020        -       0x00000100   Zero   RW           29    .bss                main.o
    0x20000120        -       0x00000100   Zero   RW          105    .bss                uarts.o
    0x20000220        -       0x0000380c   Zero   RW          125    .bss                adc.o
    0x20003a2c        -       0x00000060   Zero   RW          302    .bss                c_w.l(libspace.o)
    0x20003a8c   0x100014f8   0x00000004   PAD
    0x20003a90        -       0x00000400   Zero   RW          182    HEAP                startup_mdr1986ve8t.o
    0x20003e90        -       0x00000400   Zero   RW          181    STACK               startup_mdr1986ve8t.o


==============================================================================

Image component sizes


      Code (inc. data)   RO Data    RW Data    ZI Data      Debug   Object Name

       352         46          0          8      14348       1638   adc.o
         0          0          0          0          0         32   core_cm4.o
       464         90          0         12        256       1617   main.o
       180         22        568          0       2048       3576   startup_mdr1986ve8t.o
       572        120         80          0          0      34258   sysinit.o
       392         40          0          8          0      12414   timer.o
       492         44        512          4        256      13170   uarts.o

    ----------------------------------------------------------------------
      2452        362       1176         32      16908      66705   Object Totals
         0          0         16          0          0          0   (incl. Generated)
         0          0          0          0          0          0   (incl. Padding)

    ----------------------------------------------------------------------

      Code (inc. data)   RO Data    RW Data    ZI Data      Debug   Library Member Name

         8          0          0          0          0         68   __main.o
       104          0          0          0          0         84   __printf.o
         0          0          0          0          0          0   __rtentry.o
        12          0          0          0          0          0   __rtentry2.o
         6          0          0          0          0          0   __rtentry4.o
        52          8          0          0          0          0   __scatter.o
        26          0          0          0          0          0   __scatter_copy.o
        48          6          0          0          0         96   _printf_char_common.o
        88          4         40          0          0         88   _printf_hex_int.o
       178          0          0          0          0         88   _printf_intcommon.o
         0          0          0          0          0          0   _printf_percent.o
         4          0          0          0          0          0   _printf_percent_end.o
         6          0          0          0          0          0   _printf_x.o
        10          0          0          0          0         68   _sputc.o
        18          0          0          0          0         80   exit.o
         6          0          0          0          0        152   heapauxi.o
         0          0          0          0          0          0   indicate_semi.o
         2          0          0          0          0          0   libinit.o
         2          0          0          0          0          0   libinit2.o
         2          0          0          0          0          0   libshutdown.o
         2          0          0          0          0          0   libshutdown2.o
         8          4          0          0         96         68   libspace.o
        40          6          0          0          0         84   noretval__2sprintf.o
       138          0          0          0          0         68   rt_memcpy_v6.o
       100          0          0          0          0         80   rt_memcpy_w.o
         2          0          0          0          0          0   rtexit.o
        10          0          0          0          0          0   rtexit2.o
        62          0          0          0          0         76   strlen.o
        12          4          0          0          0         68   sys_exit.o
        74          0          0          0          0         80   sys_stackheap_outer.o
         2          0          0          0          0         68   use_no_semi.o
        90          4          0          0          0         92   dfixu.o
        38          0          0          0          0         68   dflt_clz.o
       340         12          0          0          0        104   dmul.o
       156          4          0          0          0         92   dnaninf.o
        12          0          0          0          0         68   dretinf.o
         0          0          0          0          0          0   usenofp.o

    ----------------------------------------------------------------------
      1668         52         40          0        100       1740   Library Totals
        10          0          0          0          4          0   (incl. Padding)

    ----------------------------------------------------------------------

      Code (inc. data)   RO Data    RW Data    ZI Data      Debug   Library Name

      1022         32         40          0         96       1316   c_w.l
       636         20          0          0          0        424   fz_ws.l

    ----------------------------------------------------------------------
      1668         52         40          0        100       1740   Library Totals

    ----------------------------------------------------------------------

==============================================================================


      Code (inc. data)   RO Data    RW Data    ZI Data      Debug   

      4120        414       1216         32      17008      67333   Grand Totals
      4120        414       1216         32      17008      67333   ELF Image Totals
      4120        414       1216         32          0          0   ROM Totals

==============================================================================

    Total RO  Size (Code + RO Data)                 5336 (   5.21kB)
    Total RW  Size (RW Data + ZI Data)             17040 (  16.64kB)
    Total ROM Size (Code + RO Data + RW Data)       5368 (   5.24kB)

==============================================================================

