<!doctype html public "-//w3c//dtd html 4.0 transitional//en">
<html><head>
<title>Static Call Graph - [.\Objs\1986ve8_proj.axf]</title></head>
<body><HR>
<H1>Static Call Graph for image .\Objs\1986ve8_proj.axf</H1><HR>
<BR><P>#&#060CALLGRAPH&#062# ARM Linker, 5060960: Last Updated: Mon Mar 14 15:03:36 2022
<BR><P>
<H3>Maximum Stack Usage =       2176 bytes + Unknown(Functions without stacksize, Cycles, Untraceable Function Pointers)</H3><H3>
Call chain for Maximum Stack Depth:</H3>
__rt_entry_main &rArr; main &rArr; __2sprintf &rArr; _printf_char_common &rArr; __printf
<P>
<H3>
Functions with no stack information
</H3><UL>
 <LI><a href="#[79]">__user_initial_stackheap</a>
</UL>
</UL>
<P>
<H3>
Mutually Recursive functions
</H3> <LI><a href="#[4]">NMI_Handler</a>&nbsp;&nbsp;&nbsp;&rArr;&nbsp;&nbsp;&nbsp;<a href="#[4]">NMI_Handler</a><BR>
 <LI><a href="#[5]">HardFault_Handler</a>&nbsp;&nbsp;&nbsp;&rArr;&nbsp;&nbsp;&nbsp;<a href="#[5]">HardFault_Handler</a><BR>
 <LI><a href="#[6]">MemoryMngFault_Handler</a>&nbsp;&nbsp;&nbsp;&rArr;&nbsp;&nbsp;&nbsp;<a href="#[6]">MemoryMngFault_Handler</a><BR>
 <LI><a href="#[7]">BusFault_Handler</a>&nbsp;&nbsp;&nbsp;&rArr;&nbsp;&nbsp;&nbsp;<a href="#[7]">BusFault_Handler</a><BR>
 <LI><a href="#[8]">UsageFault_Handler</a>&nbsp;&nbsp;&nbsp;&rArr;&nbsp;&nbsp;&nbsp;<a href="#[8]">UsageFault_Handler</a><BR>
 <LI><a href="#[9]">SVCall_Handler</a>&nbsp;&nbsp;&nbsp;&rArr;&nbsp;&nbsp;&nbsp;<a href="#[9]">SVCall_Handler</a><BR>
 <LI><a href="#[a]">PendSV_Handler</a>&nbsp;&nbsp;&nbsp;&rArr;&nbsp;&nbsp;&nbsp;<a href="#[a]">PendSV_Handler</a><BR>
 <LI><a href="#[b]">Systick_Handler</a>&nbsp;&nbsp;&nbsp;&rArr;&nbsp;&nbsp;&nbsp;<a href="#[b]">Systick_Handler</a><BR>
 <LI><a href="#[c]">FT_IF0_Handler</a>&nbsp;&nbsp;&nbsp;&rArr;&nbsp;&nbsp;&nbsp;<a href="#[c]">FT_IF0_Handler</a><BR>
 <LI><a href="#[d]">FT_IF1_Handler</a>&nbsp;&nbsp;&nbsp;&rArr;&nbsp;&nbsp;&nbsp;<a href="#[d]">FT_IF1_Handler</a><BR>
 <LI><a href="#[e]">FT_IF2_Handler</a>&nbsp;&nbsp;&nbsp;&rArr;&nbsp;&nbsp;&nbsp;<a href="#[e]">FT_IF2_Handler</a><BR>
 <LI><a href="#[f]">FT_IF3_Handler</a>&nbsp;&nbsp;&nbsp;&rArr;&nbsp;&nbsp;&nbsp;<a href="#[f]">FT_IF3_Handler</a><BR>
 <LI><a href="#[10]">CLK_IF_Handler</a>&nbsp;&nbsp;&nbsp;&rArr;&nbsp;&nbsp;&nbsp;<a href="#[10]">CLK_IF_Handler</a><BR>
 <LI><a href="#[11]">PVD_IF_Handler</a>&nbsp;&nbsp;&nbsp;&rArr;&nbsp;&nbsp;&nbsp;<a href="#[11]">PVD_IF_Handler</a><BR>
 <LI><a href="#[12]">RTC_IF_Handler</a>&nbsp;&nbsp;&nbsp;&rArr;&nbsp;&nbsp;&nbsp;<a href="#[12]">RTC_IF_Handler</a><BR>
 <LI><a href="#[13]">BKP_IF_Handler</a>&nbsp;&nbsp;&nbsp;&rArr;&nbsp;&nbsp;&nbsp;<a href="#[13]">BKP_IF_Handler</a><BR>
 <LI><a href="#[14]">EXT_INTERROR0_Handler</a>&nbsp;&nbsp;&nbsp;&rArr;&nbsp;&nbsp;&nbsp;<a href="#[14]">EXT_INTERROR0_Handler</a><BR>
 <LI><a href="#[15]">EXT_INTERROR1_Handler</a>&nbsp;&nbsp;&nbsp;&rArr;&nbsp;&nbsp;&nbsp;<a href="#[15]">EXT_INTERROR1_Handler</a><BR>
 <LI><a href="#[16]">EXT_INTERROR2_Handler</a>&nbsp;&nbsp;&nbsp;&rArr;&nbsp;&nbsp;&nbsp;<a href="#[16]">EXT_INTERROR2_Handler</a><BR>
 <LI><a href="#[17]">EXT_INTERROR3_Handler</a>&nbsp;&nbsp;&nbsp;&rArr;&nbsp;&nbsp;&nbsp;<a href="#[17]">EXT_INTERROR3_Handler</a><BR>
 <LI><a href="#[18]">EXT_INTERROR4_Handler</a>&nbsp;&nbsp;&nbsp;&rArr;&nbsp;&nbsp;&nbsp;<a href="#[18]">EXT_INTERROR4_Handler</a><BR>
 <LI><a href="#[19]">EXT_INTERROR5_Handler</a>&nbsp;&nbsp;&nbsp;&rArr;&nbsp;&nbsp;&nbsp;<a href="#[19]">EXT_INTERROR5_Handler</a><BR>
 <LI><a href="#[1a]">EXT_INTERROR6_Handler</a>&nbsp;&nbsp;&nbsp;&rArr;&nbsp;&nbsp;&nbsp;<a href="#[1a]">EXT_INTERROR6_Handler</a><BR>
 <LI><a href="#[1b]">EXT_INTERROR7_Handler</a>&nbsp;&nbsp;&nbsp;&rArr;&nbsp;&nbsp;&nbsp;<a href="#[1b]">EXT_INTERROR7_Handler</a><BR>
 <LI><a href="#[1c]">IF_ERR_SCR_Handler</a>&nbsp;&nbsp;&nbsp;&rArr;&nbsp;&nbsp;&nbsp;<a href="#[1c]">IF_ERR_SCR_Handler</a><BR>
 <LI><a href="#[1d]">IF_FIN_SCR_Handler</a>&nbsp;&nbsp;&nbsp;&rArr;&nbsp;&nbsp;&nbsp;<a href="#[1d]">IF_FIN_SCR_Handler</a><BR>
 <LI><a href="#[1e]">DMA_ERR_Handler</a>&nbsp;&nbsp;&nbsp;&rArr;&nbsp;&nbsp;&nbsp;<a href="#[1e]">DMA_ERR_Handler</a><BR>
 <LI><a href="#[1f]">DMA_DONE0_Handler</a>&nbsp;&nbsp;&nbsp;&rArr;&nbsp;&nbsp;&nbsp;<a href="#[1f]">DMA_DONE0_Handler</a><BR>
 <LI><a href="#[20]">DMA_DONE1_Handler</a>&nbsp;&nbsp;&nbsp;&rArr;&nbsp;&nbsp;&nbsp;<a href="#[20]">DMA_DONE1_Handler</a><BR>
 <LI><a href="#[21]">IRQ_PORTA_Handler</a>&nbsp;&nbsp;&nbsp;&rArr;&nbsp;&nbsp;&nbsp;<a href="#[21]">IRQ_PORTA_Handler</a><BR>
 <LI><a href="#[22]">IRQ_PORTB_Handler</a>&nbsp;&nbsp;&nbsp;&rArr;&nbsp;&nbsp;&nbsp;<a href="#[22]">IRQ_PORTB_Handler</a><BR>
 <LI><a href="#[23]">IRQ_PORTC_Handler</a>&nbsp;&nbsp;&nbsp;&rArr;&nbsp;&nbsp;&nbsp;<a href="#[23]">IRQ_PORTC_Handler</a><BR>
 <LI><a href="#[24]">IRQ_PORTD_Handler</a>&nbsp;&nbsp;&nbsp;&rArr;&nbsp;&nbsp;&nbsp;<a href="#[24]">IRQ_PORTD_Handler</a><BR>
 <LI><a href="#[25]">IRQ_PORTE_Handler</a>&nbsp;&nbsp;&nbsp;&rArr;&nbsp;&nbsp;&nbsp;<a href="#[25]">IRQ_PORTE_Handler</a><BR>
 <LI><a href="#[26]">IRQ_PORTF_Handler</a>&nbsp;&nbsp;&nbsp;&rArr;&nbsp;&nbsp;&nbsp;<a href="#[26]">IRQ_PORTF_Handler</a><BR>
 <LI><a href="#[27]">INT_ETH0_Handler</a>&nbsp;&nbsp;&nbsp;&rArr;&nbsp;&nbsp;&nbsp;<a href="#[27]">INT_ETH0_Handler</a><BR>
 <LI><a href="#[28]">INT_ETH1_Handler</a>&nbsp;&nbsp;&nbsp;&rArr;&nbsp;&nbsp;&nbsp;<a href="#[28]">INT_ETH1_Handler</a><BR>
 <LI><a href="#[29]">INT_SPW0_Handler</a>&nbsp;&nbsp;&nbsp;&rArr;&nbsp;&nbsp;&nbsp;<a href="#[29]">INT_SPW0_Handler</a><BR>
 <LI><a href="#[2a]">INT_SPW1_Handler</a>&nbsp;&nbsp;&nbsp;&rArr;&nbsp;&nbsp;&nbsp;<a href="#[2a]">INT_SPW1_Handler</a><BR>
 <LI><a href="#[2b]">INT_TMR0_Handler</a>&nbsp;&nbsp;&nbsp;&rArr;&nbsp;&nbsp;&nbsp;<a href="#[2b]">INT_TMR0_Handler</a><BR>
 <LI><a href="#[2d]">INT_TMR2_Handler</a>&nbsp;&nbsp;&nbsp;&rArr;&nbsp;&nbsp;&nbsp;<a href="#[2d]">INT_TMR2_Handler</a><BR>
 <LI><a href="#[2f]">INT_TMR4_Handler</a>&nbsp;&nbsp;&nbsp;&rArr;&nbsp;&nbsp;&nbsp;<a href="#[2f]">INT_TMR4_Handler</a><BR>
 <LI><a href="#[30]">INT_TMR5_Handler</a>&nbsp;&nbsp;&nbsp;&rArr;&nbsp;&nbsp;&nbsp;<a href="#[30]">INT_TMR5_Handler</a><BR>
 <LI><a href="#[31]">INT_CAN0_Handler</a>&nbsp;&nbsp;&nbsp;&rArr;&nbsp;&nbsp;&nbsp;<a href="#[31]">INT_CAN0_Handler</a><BR>
 <LI><a href="#[32]">INT_CAN1_Handler</a>&nbsp;&nbsp;&nbsp;&rArr;&nbsp;&nbsp;&nbsp;<a href="#[32]">INT_CAN1_Handler</a><BR>
 <LI><a href="#[33]">INT_CAN2_Handler</a>&nbsp;&nbsp;&nbsp;&rArr;&nbsp;&nbsp;&nbsp;<a href="#[33]">INT_CAN2_Handler</a><BR>
 <LI><a href="#[34]">INT_CAN3_Handler</a>&nbsp;&nbsp;&nbsp;&rArr;&nbsp;&nbsp;&nbsp;<a href="#[34]">INT_CAN3_Handler</a><BR>
 <LI><a href="#[35]">INT_CAN4_Handler</a>&nbsp;&nbsp;&nbsp;&rArr;&nbsp;&nbsp;&nbsp;<a href="#[35]">INT_CAN4_Handler</a><BR>
 <LI><a href="#[36]">INT_SSP0_Handler</a>&nbsp;&nbsp;&nbsp;&rArr;&nbsp;&nbsp;&nbsp;<a href="#[36]">INT_SSP0_Handler</a><BR>
 <LI><a href="#[37]">INT_SSP1_Handler</a>&nbsp;&nbsp;&nbsp;&rArr;&nbsp;&nbsp;&nbsp;<a href="#[37]">INT_SSP1_Handler</a><BR>
 <LI><a href="#[38]">INT_SSP2_Handler</a>&nbsp;&nbsp;&nbsp;&rArr;&nbsp;&nbsp;&nbsp;<a href="#[38]">INT_SSP2_Handler</a><BR>
 <LI><a href="#[39]">INT_SSP3_Handler</a>&nbsp;&nbsp;&nbsp;&rArr;&nbsp;&nbsp;&nbsp;<a href="#[39]">INT_SSP3_Handler</a><BR>
 <LI><a href="#[3b]">INT_UART1_Handler</a>&nbsp;&nbsp;&nbsp;&rArr;&nbsp;&nbsp;&nbsp;<a href="#[3b]">INT_UART1_Handler</a><BR>
 <LI><a href="#[3c]">INT_UART2_Handler</a>&nbsp;&nbsp;&nbsp;&rArr;&nbsp;&nbsp;&nbsp;<a href="#[3c]">INT_UART2_Handler</a><BR>
 <LI><a href="#[3d]">INT_UART3_Handler</a>&nbsp;&nbsp;&nbsp;&rArr;&nbsp;&nbsp;&nbsp;<a href="#[3d]">INT_UART3_Handler</a><BR>
 <LI><a href="#[3e]">INT_USB_Handler</a>&nbsp;&nbsp;&nbsp;&rArr;&nbsp;&nbsp;&nbsp;<a href="#[3e]">INT_USB_Handler</a><BR>
 <LI><a href="#[3f]">INT_RX_ARC0_Handler</a>&nbsp;&nbsp;&nbsp;&rArr;&nbsp;&nbsp;&nbsp;<a href="#[3f]">INT_RX_ARC0_Handler</a><BR>
 <LI><a href="#[40]">INT_TX_ARC0_Handler</a>&nbsp;&nbsp;&nbsp;&rArr;&nbsp;&nbsp;&nbsp;<a href="#[40]">INT_TX_ARC0_Handler</a><BR>
 <LI><a href="#[41]">INT_RX_ARC1_Handler</a>&nbsp;&nbsp;&nbsp;&rArr;&nbsp;&nbsp;&nbsp;<a href="#[41]">INT_RX_ARC1_Handler</a><BR>
 <LI><a href="#[42]">INT_TX_ARC1_Handler</a>&nbsp;&nbsp;&nbsp;&rArr;&nbsp;&nbsp;&nbsp;<a href="#[42]">INT_TX_ARC1_Handler</a><BR>
 <LI><a href="#[43]">INT_MIL0_Handler</a>&nbsp;&nbsp;&nbsp;&rArr;&nbsp;&nbsp;&nbsp;<a href="#[43]">INT_MIL0_Handler</a><BR>
 <LI><a href="#[44]">INT_MIL1_Handler</a>&nbsp;&nbsp;&nbsp;&rArr;&nbsp;&nbsp;&nbsp;<a href="#[44]">INT_MIL1_Handler</a><BR>
 <LI><a href="#[45]">INT_ADC0_Handler</a>&nbsp;&nbsp;&nbsp;&rArr;&nbsp;&nbsp;&nbsp;<a href="#[45]">INT_ADC0_Handler</a><BR>
 <LI><a href="#[46]">INT_ADC1_Handler</a>&nbsp;&nbsp;&nbsp;&rArr;&nbsp;&nbsp;&nbsp;<a href="#[46]">INT_ADC1_Handler</a><BR>
 <LI><a href="#[47]">INT_DAC0_Handler</a>&nbsp;&nbsp;&nbsp;&rArr;&nbsp;&nbsp;&nbsp;<a href="#[47]">INT_DAC0_Handler</a><BR>
 <LI><a href="#[48]">INT_DAC1_Handler</a>&nbsp;&nbsp;&nbsp;&rArr;&nbsp;&nbsp;&nbsp;<a href="#[48]">INT_DAC1_Handler</a><BR>
 <LI><a href="#[49]">INT_CRYPTO_Handler</a>&nbsp;&nbsp;&nbsp;&rArr;&nbsp;&nbsp;&nbsp;<a href="#[49]">INT_CRYPTO_Handler</a><BR>
 <LI><a href="#[4a]">INT_CRC_Handler</a>&nbsp;&nbsp;&nbsp;&rArr;&nbsp;&nbsp;&nbsp;<a href="#[4a]">INT_CRC_Handler</a><BR>
 <LI><a href="#[4b]">INT_ECC_Handler</a>&nbsp;&nbsp;&nbsp;&rArr;&nbsp;&nbsp;&nbsp;<a href="#[4b]">INT_ECC_Handler</a><BR>
</UL>
<P>
<H3>
Function Pointers
</H3><UL>
 <LI><a href="#[13]">BKP_IF_Handler</a> from startup_mdr1986ve8t.o(.text) referenced from startup_mdr1986ve8t.o(RESET)
 <LI><a href="#[7]">BusFault_Handler</a> from startup_mdr1986ve8t.o(.text) referenced from startup_mdr1986ve8t.o(RESET)
 <LI><a href="#[10]">CLK_IF_Handler</a> from startup_mdr1986ve8t.o(.text) referenced from startup_mdr1986ve8t.o(RESET)
 <LI><a href="#[1f]">DMA_DONE0_Handler</a> from startup_mdr1986ve8t.o(.text) referenced from startup_mdr1986ve8t.o(RESET)
 <LI><a href="#[20]">DMA_DONE1_Handler</a> from startup_mdr1986ve8t.o(.text) referenced from startup_mdr1986ve8t.o(RESET)
 <LI><a href="#[1e]">DMA_ERR_Handler</a> from startup_mdr1986ve8t.o(.text) referenced from startup_mdr1986ve8t.o(RESET)
 <LI><a href="#[14]">EXT_INTERROR0_Handler</a> from startup_mdr1986ve8t.o(.text) referenced from startup_mdr1986ve8t.o(RESET)
 <LI><a href="#[15]">EXT_INTERROR1_Handler</a> from startup_mdr1986ve8t.o(.text) referenced from startup_mdr1986ve8t.o(RESET)
 <LI><a href="#[16]">EXT_INTERROR2_Handler</a> from startup_mdr1986ve8t.o(.text) referenced from startup_mdr1986ve8t.o(RESET)
 <LI><a href="#[17]">EXT_INTERROR3_Handler</a> from startup_mdr1986ve8t.o(.text) referenced from startup_mdr1986ve8t.o(RESET)
 <LI><a href="#[18]">EXT_INTERROR4_Handler</a> from startup_mdr1986ve8t.o(.text) referenced from startup_mdr1986ve8t.o(RESET)
 <LI><a href="#[19]">EXT_INTERROR5_Handler</a> from startup_mdr1986ve8t.o(.text) referenced from startup_mdr1986ve8t.o(RESET)
 <LI><a href="#[1a]">EXT_INTERROR6_Handler</a> from startup_mdr1986ve8t.o(.text) referenced from startup_mdr1986ve8t.o(RESET)
 <LI><a href="#[1b]">EXT_INTERROR7_Handler</a> from startup_mdr1986ve8t.o(.text) referenced from startup_mdr1986ve8t.o(RESET)
 <LI><a href="#[c]">FT_IF0_Handler</a> from startup_mdr1986ve8t.o(.text) referenced from startup_mdr1986ve8t.o(RESET)
 <LI><a href="#[d]">FT_IF1_Handler</a> from startup_mdr1986ve8t.o(.text) referenced from startup_mdr1986ve8t.o(RESET)
 <LI><a href="#[e]">FT_IF2_Handler</a> from startup_mdr1986ve8t.o(.text) referenced from startup_mdr1986ve8t.o(RESET)
 <LI><a href="#[f]">FT_IF3_Handler</a> from startup_mdr1986ve8t.o(.text) referenced from startup_mdr1986ve8t.o(RESET)
 <LI><a href="#[5]">HardFault_Handler</a> from startup_mdr1986ve8t.o(.text) referenced from startup_mdr1986ve8t.o(RESET)
 <LI><a href="#[1c]">IF_ERR_SCR_Handler</a> from startup_mdr1986ve8t.o(.text) referenced from startup_mdr1986ve8t.o(RESET)
 <LI><a href="#[1d]">IF_FIN_SCR_Handler</a> from startup_mdr1986ve8t.o(.text) referenced from startup_mdr1986ve8t.o(RESET)
 <LI><a href="#[45]">INT_ADC0_Handler</a> from startup_mdr1986ve8t.o(.text) referenced from startup_mdr1986ve8t.o(RESET)
 <LI><a href="#[46]">INT_ADC1_Handler</a> from startup_mdr1986ve8t.o(.text) referenced from startup_mdr1986ve8t.o(RESET)
 <LI><a href="#[31]">INT_CAN0_Handler</a> from startup_mdr1986ve8t.o(.text) referenced from startup_mdr1986ve8t.o(RESET)
 <LI><a href="#[32]">INT_CAN1_Handler</a> from startup_mdr1986ve8t.o(.text) referenced from startup_mdr1986ve8t.o(RESET)
 <LI><a href="#[33]">INT_CAN2_Handler</a> from startup_mdr1986ve8t.o(.text) referenced from startup_mdr1986ve8t.o(RESET)
 <LI><a href="#[34]">INT_CAN3_Handler</a> from startup_mdr1986ve8t.o(.text) referenced from startup_mdr1986ve8t.o(RESET)
 <LI><a href="#[35]">INT_CAN4_Handler</a> from startup_mdr1986ve8t.o(.text) referenced from startup_mdr1986ve8t.o(RESET)
 <LI><a href="#[4a]">INT_CRC_Handler</a> from startup_mdr1986ve8t.o(.text) referenced from startup_mdr1986ve8t.o(RESET)
 <LI><a href="#[49]">INT_CRYPTO_Handler</a> from startup_mdr1986ve8t.o(.text) referenced from startup_mdr1986ve8t.o(RESET)
 <LI><a href="#[47]">INT_DAC0_Handler</a> from startup_mdr1986ve8t.o(.text) referenced from startup_mdr1986ve8t.o(RESET)
 <LI><a href="#[48]">INT_DAC1_Handler</a> from startup_mdr1986ve8t.o(.text) referenced from startup_mdr1986ve8t.o(RESET)
 <LI><a href="#[4b]">INT_ECC_Handler</a> from startup_mdr1986ve8t.o(.text) referenced from startup_mdr1986ve8t.o(RESET)
 <LI><a href="#[27]">INT_ETH0_Handler</a> from startup_mdr1986ve8t.o(.text) referenced from startup_mdr1986ve8t.o(RESET)
 <LI><a href="#[28]">INT_ETH1_Handler</a> from startup_mdr1986ve8t.o(.text) referenced from startup_mdr1986ve8t.o(RESET)
 <LI><a href="#[43]">INT_MIL0_Handler</a> from startup_mdr1986ve8t.o(.text) referenced from startup_mdr1986ve8t.o(RESET)
 <LI><a href="#[44]">INT_MIL1_Handler</a> from startup_mdr1986ve8t.o(.text) referenced from startup_mdr1986ve8t.o(RESET)
 <LI><a href="#[3f]">INT_RX_ARC0_Handler</a> from startup_mdr1986ve8t.o(.text) referenced from startup_mdr1986ve8t.o(RESET)
 <LI><a href="#[41]">INT_RX_ARC1_Handler</a> from startup_mdr1986ve8t.o(.text) referenced from startup_mdr1986ve8t.o(RESET)
 <LI><a href="#[29]">INT_SPW0_Handler</a> from startup_mdr1986ve8t.o(.text) referenced from startup_mdr1986ve8t.o(RESET)
 <LI><a href="#[2a]">INT_SPW1_Handler</a> from startup_mdr1986ve8t.o(.text) referenced from startup_mdr1986ve8t.o(RESET)
 <LI><a href="#[36]">INT_SSP0_Handler</a> from startup_mdr1986ve8t.o(.text) referenced from startup_mdr1986ve8t.o(RESET)
 <LI><a href="#[37]">INT_SSP1_Handler</a> from startup_mdr1986ve8t.o(.text) referenced from startup_mdr1986ve8t.o(RESET)
 <LI><a href="#[38]">INT_SSP2_Handler</a> from startup_mdr1986ve8t.o(.text) referenced from startup_mdr1986ve8t.o(RESET)
 <LI><a href="#[39]">INT_SSP3_Handler</a> from startup_mdr1986ve8t.o(.text) referenced from startup_mdr1986ve8t.o(RESET)
 <LI><a href="#[2b]">INT_TMR0_Handler</a> from startup_mdr1986ve8t.o(.text) referenced from startup_mdr1986ve8t.o(RESET)
 <LI><a href="#[2c]">INT_TMR1_Handler</a> from adc.o(.text) referenced from startup_mdr1986ve8t.o(RESET)
 <LI><a href="#[2d]">INT_TMR2_Handler</a> from startup_mdr1986ve8t.o(.text) referenced from startup_mdr1986ve8t.o(RESET)
 <LI><a href="#[2e]">INT_TMR3_Handler</a> from timer.o(.text) referenced from startup_mdr1986ve8t.o(RESET)
 <LI><a href="#[2f]">INT_TMR4_Handler</a> from startup_mdr1986ve8t.o(.text) referenced from startup_mdr1986ve8t.o(RESET)
 <LI><a href="#[30]">INT_TMR5_Handler</a> from startup_mdr1986ve8t.o(.text) referenced from startup_mdr1986ve8t.o(RESET)
 <LI><a href="#[40]">INT_TX_ARC0_Handler</a> from startup_mdr1986ve8t.o(.text) referenced from startup_mdr1986ve8t.o(RESET)
 <LI><a href="#[42]">INT_TX_ARC1_Handler</a> from startup_mdr1986ve8t.o(.text) referenced from startup_mdr1986ve8t.o(RESET)
 <LI><a href="#[3a]">INT_UART0_Handler</a> from uarts.o(.text) referenced from startup_mdr1986ve8t.o(RESET)
 <LI><a href="#[3b]">INT_UART1_Handler</a> from startup_mdr1986ve8t.o(.text) referenced from startup_mdr1986ve8t.o(RESET)
 <LI><a href="#[3c]">INT_UART2_Handler</a> from startup_mdr1986ve8t.o(.text) referenced from startup_mdr1986ve8t.o(RESET)
 <LI><a href="#[3d]">INT_UART3_Handler</a> from startup_mdr1986ve8t.o(.text) referenced from startup_mdr1986ve8t.o(RESET)
 <LI><a href="#[3e]">INT_USB_Handler</a> from startup_mdr1986ve8t.o(.text) referenced from startup_mdr1986ve8t.o(RESET)
 <LI><a href="#[21]">IRQ_PORTA_Handler</a> from startup_mdr1986ve8t.o(.text) referenced from startup_mdr1986ve8t.o(RESET)
 <LI><a href="#[22]">IRQ_PORTB_Handler</a> from startup_mdr1986ve8t.o(.text) referenced from startup_mdr1986ve8t.o(RESET)
 <LI><a href="#[23]">IRQ_PORTC_Handler</a> from startup_mdr1986ve8t.o(.text) referenced from startup_mdr1986ve8t.o(RESET)
 <LI><a href="#[24]">IRQ_PORTD_Handler</a> from startup_mdr1986ve8t.o(.text) referenced from startup_mdr1986ve8t.o(RESET)
 <LI><a href="#[25]">IRQ_PORTE_Handler</a> from startup_mdr1986ve8t.o(.text) referenced from startup_mdr1986ve8t.o(RESET)
 <LI><a href="#[26]">IRQ_PORTF_Handler</a> from startup_mdr1986ve8t.o(.text) referenced from startup_mdr1986ve8t.o(RESET)
 <LI><a href="#[6]">MemoryMngFault_Handler</a> from startup_mdr1986ve8t.o(.text) referenced from startup_mdr1986ve8t.o(RESET)
 <LI><a href="#[4]">NMI_Handler</a> from startup_mdr1986ve8t.o(.text) referenced from startup_mdr1986ve8t.o(RESET)
 <LI><a href="#[11]">PVD_IF_Handler</a> from startup_mdr1986ve8t.o(.text) referenced from startup_mdr1986ve8t.o(RESET)
 <LI><a href="#[a]">PendSV_Handler</a> from startup_mdr1986ve8t.o(.text) referenced from startup_mdr1986ve8t.o(RESET)
 <LI><a href="#[12]">RTC_IF_Handler</a> from startup_mdr1986ve8t.o(.text) referenced from startup_mdr1986ve8t.o(RESET)
 <LI><a href="#[3]">Reset_Handler</a> from startup_mdr1986ve8t.o(.text) referenced from startup_mdr1986ve8t.o(RESET)
 <LI><a href="#[9]">SVCall_Handler</a> from startup_mdr1986ve8t.o(.text) referenced from startup_mdr1986ve8t.o(RESET)
 <LI><a href="#[b]">Systick_Handler</a> from startup_mdr1986ve8t.o(.text) referenced from startup_mdr1986ve8t.o(RESET)
 <LI><a href="#[8]">UsageFault_Handler</a> from startup_mdr1986ve8t.o(.text) referenced from startup_mdr1986ve8t.o(RESET)
 <LI><a href="#[4f]">__main</a> from __main.o(!!!main) referenced from startup_mdr1986ve8t.o(.text)
 <LI><a href="#[4e]">_printf_input_char</a> from _printf_char_common.o(.text) referenced from _printf_char_common.o(.text)
 <LI><a href="#[4d]">_sputc</a> from _sputc.o(.text) referenced from noretval__2sprintf.o(.text)
</UL>
<P>
<H3>
Global Symbols
</H3>
<P><STRONG><a name="[4f]"></a>__main</STRONG> (Thumb, 8 bytes, Stack size 0 bytes, __main.o(!!!main))
<BR><BR>[Calls]<UL><LI><a href="#[51]">&gt;&gt;</a>&nbsp;&nbsp;&nbsp;__rt_entry
<LI><a href="#[50]">&gt;&gt;</a>&nbsp;&nbsp;&nbsp;__scatterload
</UL>

<P><STRONG><a name="[50]"></a>__scatterload</STRONG> (Thumb, 0 bytes, Stack size unknown bytes, __scatter.o(!!!scatter))
<BR><BR>[Called By]<UL><LI><a href="#[4f]">&gt;&gt;</a>&nbsp;&nbsp;&nbsp;__main
</UL>

<P><STRONG><a name="[52]"></a>__scatterload_rt2</STRONG> (Thumb, 44 bytes, Stack size unknown bytes, __scatter.o(!!!scatter), UNUSED)
<BR><BR>[Calls]<UL><LI><a href="#[51]">&gt;&gt;</a>&nbsp;&nbsp;&nbsp;__rt_entry
</UL>

<P><STRONG><a name="[7f]"></a>__scatterload_rt2_thumb_only</STRONG> (Thumb, 0 bytes, Stack size unknown bytes, __scatter.o(!!!scatter), UNUSED)

<P><STRONG><a name="[80]"></a>__scatterload_null</STRONG> (Thumb, 0 bytes, Stack size unknown bytes, __scatter.o(!!!scatter), UNUSED)

<P><STRONG><a name="[53]"></a>__scatterload_copy</STRONG> (Thumb, 26 bytes, Stack size unknown bytes, __scatter_copy.o(!!handler_copy), UNUSED)
<BR><BR>[Calls]<UL><LI><a href="#[53]">&gt;&gt;</a>&nbsp;&nbsp;&nbsp;__scatterload_copy
</UL>
<BR>[Called By]<UL><LI><a href="#[53]">&gt;&gt;</a>&nbsp;&nbsp;&nbsp;__scatterload_copy
</UL>

<P><STRONG><a name="[75]"></a>_printf_percent</STRONG> (Thumb, 0 bytes, Stack size unknown bytes, _printf_percent.o(.ARM.Collect$$_printf_percent$$00000000))
<BR><BR>[Called By]<UL><LI><a href="#[74]">&gt;&gt;</a>&nbsp;&nbsp;&nbsp;__printf
</UL>

<P><STRONG><a name="[54]"></a>_printf_x</STRONG> (Thumb, 0 bytes, Stack size unknown bytes, _printf_x.o(.ARM.Collect$$_printf_percent$$0000000C))
<BR><BR>[Stack]<UL><LI>Max Depth = 48 + Unknown Stack Size
<LI>Call Chain = _printf_x &rArr; _printf_int_hex &rArr; _printf_int_common
</UL>
<BR>[Calls]<UL><LI><a href="#[55]">&gt;&gt;</a>&nbsp;&nbsp;&nbsp;_printf_int_hex
</UL>

<P><STRONG><a name="[81]"></a>_printf_percent_end</STRONG> (Thumb, 0 bytes, Stack size unknown bytes, _printf_percent_end.o(.ARM.Collect$$_printf_percent$$00000017))

<P><STRONG><a name="[59]"></a>__rt_lib_init</STRONG> (Thumb, 0 bytes, Stack size unknown bytes, libinit.o(.ARM.Collect$$libinit$$00000000))
<BR><BR>[Called By]<UL><LI><a href="#[58]">&gt;&gt;</a>&nbsp;&nbsp;&nbsp;__rt_entry_li
</UL>

<P><STRONG><a name="[82]"></a>__rt_lib_init_alloca_1</STRONG> (Thumb, 0 bytes, Stack size unknown bytes, libinit2.o(.ARM.Collect$$libinit$$0000002E))

<P><STRONG><a name="[83]"></a>__rt_lib_init_argv_1</STRONG> (Thumb, 0 bytes, Stack size unknown bytes, libinit2.o(.ARM.Collect$$libinit$$0000002C))

<P><STRONG><a name="[84]"></a>__rt_lib_init_atexit_1</STRONG> (Thumb, 0 bytes, Stack size unknown bytes, libinit2.o(.ARM.Collect$$libinit$$0000001B))

<P><STRONG><a name="[85]"></a>__rt_lib_init_clock_1</STRONG> (Thumb, 0 bytes, Stack size unknown bytes, libinit2.o(.ARM.Collect$$libinit$$00000021))

<P><STRONG><a name="[86]"></a>__rt_lib_init_cpp_1</STRONG> (Thumb, 0 bytes, Stack size unknown bytes, libinit2.o(.ARM.Collect$$libinit$$00000032))

<P><STRONG><a name="[87]"></a>__rt_lib_init_exceptions_1</STRONG> (Thumb, 0 bytes, Stack size unknown bytes, libinit2.o(.ARM.Collect$$libinit$$00000030))

<P><STRONG><a name="[88]"></a>__rt_lib_init_fp_1</STRONG> (Thumb, 0 bytes, Stack size unknown bytes, libinit2.o(.ARM.Collect$$libinit$$00000002))

<P><STRONG><a name="[89]"></a>__rt_lib_init_fp_trap_1</STRONG> (Thumb, 0 bytes, Stack size unknown bytes, libinit2.o(.ARM.Collect$$libinit$$0000001F))

<P><STRONG><a name="[8a]"></a>__rt_lib_init_getenv_1</STRONG> (Thumb, 0 bytes, Stack size unknown bytes, libinit2.o(.ARM.Collect$$libinit$$00000023))

<P><STRONG><a name="[8b]"></a>__rt_lib_init_heap_1</STRONG> (Thumb, 0 bytes, Stack size unknown bytes, libinit2.o(.ARM.Collect$$libinit$$0000000A))

<P><STRONG><a name="[8c]"></a>__rt_lib_init_lc_collate_1</STRONG> (Thumb, 0 bytes, Stack size unknown bytes, libinit2.o(.ARM.Collect$$libinit$$00000011))

<P><STRONG><a name="[8d]"></a>__rt_lib_init_lc_ctype_1</STRONG> (Thumb, 0 bytes, Stack size unknown bytes, libinit2.o(.ARM.Collect$$libinit$$00000013))

<P><STRONG><a name="[8e]"></a>__rt_lib_init_lc_monetary_1</STRONG> (Thumb, 0 bytes, Stack size unknown bytes, libinit2.o(.ARM.Collect$$libinit$$00000015))

<P><STRONG><a name="[8f]"></a>__rt_lib_init_lc_numeric_1</STRONG> (Thumb, 0 bytes, Stack size unknown bytes, libinit2.o(.ARM.Collect$$libinit$$00000017))

<P><STRONG><a name="[90]"></a>__rt_lib_init_lc_time_1</STRONG> (Thumb, 0 bytes, Stack size unknown bytes, libinit2.o(.ARM.Collect$$libinit$$00000019))

<P><STRONG><a name="[91]"></a>__rt_lib_init_preinit_1</STRONG> (Thumb, 0 bytes, Stack size unknown bytes, libinit2.o(.ARM.Collect$$libinit$$00000004))

<P><STRONG><a name="[92]"></a>__rt_lib_init_rand_1</STRONG> (Thumb, 0 bytes, Stack size unknown bytes, libinit2.o(.ARM.Collect$$libinit$$0000000E))

<P><STRONG><a name="[93]"></a>__rt_lib_init_return</STRONG> (Thumb, 0 bytes, Stack size unknown bytes, libinit2.o(.ARM.Collect$$libinit$$00000033))

<P><STRONG><a name="[94]"></a>__rt_lib_init_signal_1</STRONG> (Thumb, 0 bytes, Stack size unknown bytes, libinit2.o(.ARM.Collect$$libinit$$0000001D))

<P><STRONG><a name="[95]"></a>__rt_lib_init_stdio_1</STRONG> (Thumb, 0 bytes, Stack size unknown bytes, libinit2.o(.ARM.Collect$$libinit$$00000025))

<P><STRONG><a name="[96]"></a>__rt_lib_init_user_alloc_1</STRONG> (Thumb, 0 bytes, Stack size unknown bytes, libinit2.o(.ARM.Collect$$libinit$$0000000C))

<P><STRONG><a name="[5e]"></a>__rt_lib_shutdown</STRONG> (Thumb, 0 bytes, Stack size unknown bytes, libshutdown.o(.ARM.Collect$$libshutdown$$00000000))
<BR><BR>[Called By]<UL><LI><a href="#[5d]">&gt;&gt;</a>&nbsp;&nbsp;&nbsp;__rt_exit_ls
</UL>

<P><STRONG><a name="[97]"></a>__rt_lib_shutdown_cpp_1</STRONG> (Thumb, 0 bytes, Stack size unknown bytes, libshutdown2.o(.ARM.Collect$$libshutdown$$00000004))

<P><STRONG><a name="[98]"></a>__rt_lib_shutdown_fini_1</STRONG> (Thumb, 0 bytes, Stack size unknown bytes, libshutdown2.o(.ARM.Collect$$libshutdown$$00000002))

<P><STRONG><a name="[99]"></a>__rt_lib_shutdown_fp_trap_1</STRONG> (Thumb, 0 bytes, Stack size unknown bytes, libshutdown2.o(.ARM.Collect$$libshutdown$$00000009))

<P><STRONG><a name="[9a]"></a>__rt_lib_shutdown_heap_1</STRONG> (Thumb, 0 bytes, Stack size unknown bytes, libshutdown2.o(.ARM.Collect$$libshutdown$$00000011))

<P><STRONG><a name="[9b]"></a>__rt_lib_shutdown_return</STRONG> (Thumb, 0 bytes, Stack size unknown bytes, libshutdown2.o(.ARM.Collect$$libshutdown$$00000012))

<P><STRONG><a name="[9c]"></a>__rt_lib_shutdown_signal_1</STRONG> (Thumb, 0 bytes, Stack size unknown bytes, libshutdown2.o(.ARM.Collect$$libshutdown$$0000000C))

<P><STRONG><a name="[9d]"></a>__rt_lib_shutdown_stdio_1</STRONG> (Thumb, 0 bytes, Stack size unknown bytes, libshutdown2.o(.ARM.Collect$$libshutdown$$00000006))

<P><STRONG><a name="[9e]"></a>__rt_lib_shutdown_user_alloc_1</STRONG> (Thumb, 0 bytes, Stack size unknown bytes, libshutdown2.o(.ARM.Collect$$libshutdown$$0000000E))

<P><STRONG><a name="[51]"></a>__rt_entry</STRONG> (Thumb, 0 bytes, Stack size unknown bytes, __rtentry.o(.ARM.Collect$$rtentry$$00000000))
<BR><BR>[Called By]<UL><LI><a href="#[4f]">&gt;&gt;</a>&nbsp;&nbsp;&nbsp;__main
<LI><a href="#[52]">&gt;&gt;</a>&nbsp;&nbsp;&nbsp;__scatterload_rt2
</UL>

<P><STRONG><a name="[9f]"></a>__rt_entry_presh_1</STRONG> (Thumb, 0 bytes, Stack size unknown bytes, __rtentry2.o(.ARM.Collect$$rtentry$$00000002))

<P><STRONG><a name="[56]"></a>__rt_entry_sh</STRONG> (Thumb, 0 bytes, Stack size unknown bytes, __rtentry4.o(.ARM.Collect$$rtentry$$00000004))
<BR><BR>[Stack]<UL><LI>Max Depth = 8 + Unknown Stack Size
<LI>Call Chain = __rt_entry_sh &rArr; __user_setup_stackheap
</UL>
<BR>[Calls]<UL><LI><a href="#[57]">&gt;&gt;</a>&nbsp;&nbsp;&nbsp;__user_setup_stackheap
</UL>

<P><STRONG><a name="[58]"></a>__rt_entry_li</STRONG> (Thumb, 0 bytes, Stack size unknown bytes, __rtentry2.o(.ARM.Collect$$rtentry$$0000000A))
<BR><BR>[Calls]<UL><LI><a href="#[59]">&gt;&gt;</a>&nbsp;&nbsp;&nbsp;__rt_lib_init
</UL>

<P><STRONG><a name="[a0]"></a>__rt_entry_postsh_1</STRONG> (Thumb, 0 bytes, Stack size unknown bytes, __rtentry2.o(.ARM.Collect$$rtentry$$00000009))

<P><STRONG><a name="[5a]"></a>__rt_entry_main</STRONG> (Thumb, 0 bytes, Stack size unknown bytes, __rtentry2.o(.ARM.Collect$$rtentry$$0000000D))
<BR><BR>[Stack]<UL><LI>Max Depth = 2176 + Unknown Stack Size
<LI>Call Chain = __rt_entry_main &rArr; main &rArr; __2sprintf &rArr; _printf_char_common &rArr; __printf
</UL>
<BR>[Calls]<UL><LI><a href="#[5c]">&gt;&gt;</a>&nbsp;&nbsp;&nbsp;exit
<LI><a href="#[5b]">&gt;&gt;</a>&nbsp;&nbsp;&nbsp;main
</UL>

<P><STRONG><a name="[a1]"></a>__rt_entry_postli_1</STRONG> (Thumb, 0 bytes, Stack size unknown bytes, __rtentry2.o(.ARM.Collect$$rtentry$$0000000C))

<P><STRONG><a name="[7a]"></a>__rt_exit</STRONG> (Thumb, 0 bytes, Stack size unknown bytes, rtexit.o(.ARM.Collect$$rtexit$$00000000))
<BR><BR>[Called By]<UL><LI><a href="#[5c]">&gt;&gt;</a>&nbsp;&nbsp;&nbsp;exit
</UL>

<P><STRONG><a name="[5d]"></a>__rt_exit_ls</STRONG> (Thumb, 0 bytes, Stack size unknown bytes, rtexit2.o(.ARM.Collect$$rtexit$$00000003))
<BR><BR>[Calls]<UL><LI><a href="#[5e]">&gt;&gt;</a>&nbsp;&nbsp;&nbsp;__rt_lib_shutdown
</UL>

<P><STRONG><a name="[a2]"></a>__rt_exit_prels_1</STRONG> (Thumb, 0 bytes, Stack size unknown bytes, rtexit2.o(.ARM.Collect$$rtexit$$00000002))

<P><STRONG><a name="[5f]"></a>__rt_exit_exit</STRONG> (Thumb, 0 bytes, Stack size unknown bytes, rtexit2.o(.ARM.Collect$$rtexit$$00000004))
<BR><BR>[Calls]<UL><LI><a href="#[60]">&gt;&gt;</a>&nbsp;&nbsp;&nbsp;_sys_exit
</UL>

<P><STRONG><a name="[3]"></a>Reset_Handler</STRONG> (Thumb, 4 bytes, Stack size 0 bytes, startup_mdr1986ve8t.o(.text))
<BR>[Address Reference Count : 1]<UL><LI> startup_mdr1986ve8t.o(RESET)
</UL>
<P><STRONG><a name="[4]"></a>NMI_Handler</STRONG> (Thumb, 2 bytes, Stack size 0 bytes, startup_mdr1986ve8t.o(.text))
<BR><BR>[Calls]<UL><LI><a href="#[4]">&gt;&gt;</a>&nbsp;&nbsp;&nbsp;NMI_Handler
</UL>
<BR>[Called By]<UL><LI><a href="#[4]">&gt;&gt;</a>&nbsp;&nbsp;&nbsp;NMI_Handler
</UL>
<BR>[Address Reference Count : 1]<UL><LI> startup_mdr1986ve8t.o(RESET)
</UL>
<P><STRONG><a name="[5]"></a>HardFault_Handler</STRONG> (Thumb, 2 bytes, Stack size 0 bytes, startup_mdr1986ve8t.o(.text))
<BR><BR>[Calls]<UL><LI><a href="#[5]">&gt;&gt;</a>&nbsp;&nbsp;&nbsp;HardFault_Handler
</UL>
<BR>[Called By]<UL><LI><a href="#[5]">&gt;&gt;</a>&nbsp;&nbsp;&nbsp;HardFault_Handler
</UL>
<BR>[Address Reference Count : 1]<UL><LI> startup_mdr1986ve8t.o(RESET)
</UL>
<P><STRONG><a name="[6]"></a>MemoryMngFault_Handler</STRONG> (Thumb, 2 bytes, Stack size 0 bytes, startup_mdr1986ve8t.o(.text))
<BR><BR>[Calls]<UL><LI><a href="#[6]">&gt;&gt;</a>&nbsp;&nbsp;&nbsp;MemoryMngFault_Handler
</UL>
<BR>[Called By]<UL><LI><a href="#[6]">&gt;&gt;</a>&nbsp;&nbsp;&nbsp;MemoryMngFault_Handler
</UL>
<BR>[Address Reference Count : 1]<UL><LI> startup_mdr1986ve8t.o(RESET)
</UL>
<P><STRONG><a name="[7]"></a>BusFault_Handler</STRONG> (Thumb, 2 bytes, Stack size 0 bytes, startup_mdr1986ve8t.o(.text))
<BR><BR>[Calls]<UL><LI><a href="#[7]">&gt;&gt;</a>&nbsp;&nbsp;&nbsp;BusFault_Handler
</UL>
<BR>[Called By]<UL><LI><a href="#[7]">&gt;&gt;</a>&nbsp;&nbsp;&nbsp;BusFault_Handler
</UL>
<BR>[Address Reference Count : 1]<UL><LI> startup_mdr1986ve8t.o(RESET)
</UL>
<P><STRONG><a name="[8]"></a>UsageFault_Handler</STRONG> (Thumb, 2 bytes, Stack size 0 bytes, startup_mdr1986ve8t.o(.text))
<BR><BR>[Calls]<UL><LI><a href="#[8]">&gt;&gt;</a>&nbsp;&nbsp;&nbsp;UsageFault_Handler
</UL>
<BR>[Called By]<UL><LI><a href="#[8]">&gt;&gt;</a>&nbsp;&nbsp;&nbsp;UsageFault_Handler
</UL>
<BR>[Address Reference Count : 1]<UL><LI> startup_mdr1986ve8t.o(RESET)
</UL>
<P><STRONG><a name="[9]"></a>SVCall_Handler</STRONG> (Thumb, 2 bytes, Stack size 0 bytes, startup_mdr1986ve8t.o(.text))
<BR><BR>[Calls]<UL><LI><a href="#[9]">&gt;&gt;</a>&nbsp;&nbsp;&nbsp;SVCall_Handler
</UL>
<BR>[Called By]<UL><LI><a href="#[9]">&gt;&gt;</a>&nbsp;&nbsp;&nbsp;SVCall_Handler
</UL>
<BR>[Address Reference Count : 1]<UL><LI> startup_mdr1986ve8t.o(RESET)
</UL>
<P><STRONG><a name="[a]"></a>PendSV_Handler</STRONG> (Thumb, 2 bytes, Stack size 0 bytes, startup_mdr1986ve8t.o(.text))
<BR><BR>[Calls]<UL><LI><a href="#[a]">&gt;&gt;</a>&nbsp;&nbsp;&nbsp;PendSV_Handler
</UL>
<BR>[Called By]<UL><LI><a href="#[a]">&gt;&gt;</a>&nbsp;&nbsp;&nbsp;PendSV_Handler
</UL>
<BR>[Address Reference Count : 1]<UL><LI> startup_mdr1986ve8t.o(RESET)
</UL>
<P><STRONG><a name="[b]"></a>Systick_Handler</STRONG> (Thumb, 2 bytes, Stack size 0 bytes, startup_mdr1986ve8t.o(.text))
<BR><BR>[Calls]<UL><LI><a href="#[b]">&gt;&gt;</a>&nbsp;&nbsp;&nbsp;Systick_Handler
</UL>
<BR>[Called By]<UL><LI><a href="#[b]">&gt;&gt;</a>&nbsp;&nbsp;&nbsp;Systick_Handler
</UL>
<BR>[Address Reference Count : 1]<UL><LI> startup_mdr1986ve8t.o(RESET)
</UL>
<P><STRONG><a name="[c]"></a>FT_IF0_Handler</STRONG> (Thumb, 2 bytes, Stack size 0 bytes, startup_mdr1986ve8t.o(.text))
<BR><BR>[Calls]<UL><LI><a href="#[c]">&gt;&gt;</a>&nbsp;&nbsp;&nbsp;FT_IF0_Handler
</UL>
<BR>[Called By]<UL><LI><a href="#[c]">&gt;&gt;</a>&nbsp;&nbsp;&nbsp;FT_IF0_Handler
</UL>
<BR>[Address Reference Count : 1]<UL><LI> startup_mdr1986ve8t.o(RESET)
</UL>
<P><STRONG><a name="[d]"></a>FT_IF1_Handler</STRONG> (Thumb, 2 bytes, Stack size 0 bytes, startup_mdr1986ve8t.o(.text))
<BR><BR>[Calls]<UL><LI><a href="#[d]">&gt;&gt;</a>&nbsp;&nbsp;&nbsp;FT_IF1_Handler
</UL>
<BR>[Called By]<UL><LI><a href="#[d]">&gt;&gt;</a>&nbsp;&nbsp;&nbsp;FT_IF1_Handler
</UL>
<BR>[Address Reference Count : 1]<UL><LI> startup_mdr1986ve8t.o(RESET)
</UL>
<P><STRONG><a name="[e]"></a>FT_IF2_Handler</STRONG> (Thumb, 2 bytes, Stack size 0 bytes, startup_mdr1986ve8t.o(.text))
<BR><BR>[Calls]<UL><LI><a href="#[e]">&gt;&gt;</a>&nbsp;&nbsp;&nbsp;FT_IF2_Handler
</UL>
<BR>[Called By]<UL><LI><a href="#[e]">&gt;&gt;</a>&nbsp;&nbsp;&nbsp;FT_IF2_Handler
</UL>
<BR>[Address Reference Count : 1]<UL><LI> startup_mdr1986ve8t.o(RESET)
</UL>
<P><STRONG><a name="[f]"></a>FT_IF3_Handler</STRONG> (Thumb, 2 bytes, Stack size 0 bytes, startup_mdr1986ve8t.o(.text))
<BR><BR>[Calls]<UL><LI><a href="#[f]">&gt;&gt;</a>&nbsp;&nbsp;&nbsp;FT_IF3_Handler
</UL>
<BR>[Called By]<UL><LI><a href="#[f]">&gt;&gt;</a>&nbsp;&nbsp;&nbsp;FT_IF3_Handler
</UL>
<BR>[Address Reference Count : 1]<UL><LI> startup_mdr1986ve8t.o(RESET)
</UL>
<P><STRONG><a name="[10]"></a>CLK_IF_Handler</STRONG> (Thumb, 2 bytes, Stack size 0 bytes, startup_mdr1986ve8t.o(.text))
<BR><BR>[Calls]<UL><LI><a href="#[10]">&gt;&gt;</a>&nbsp;&nbsp;&nbsp;CLK_IF_Handler
</UL>
<BR>[Called By]<UL><LI><a href="#[10]">&gt;&gt;</a>&nbsp;&nbsp;&nbsp;CLK_IF_Handler
</UL>
<BR>[Address Reference Count : 1]<UL><LI> startup_mdr1986ve8t.o(RESET)
</UL>
<P><STRONG><a name="[11]"></a>PVD_IF_Handler</STRONG> (Thumb, 2 bytes, Stack size 0 bytes, startup_mdr1986ve8t.o(.text))
<BR><BR>[Calls]<UL><LI><a href="#[11]">&gt;&gt;</a>&nbsp;&nbsp;&nbsp;PVD_IF_Handler
</UL>
<BR>[Called By]<UL><LI><a href="#[11]">&gt;&gt;</a>&nbsp;&nbsp;&nbsp;PVD_IF_Handler
</UL>
<BR>[Address Reference Count : 1]<UL><LI> startup_mdr1986ve8t.o(RESET)
</UL>
<P><STRONG><a name="[12]"></a>RTC_IF_Handler</STRONG> (Thumb, 2 bytes, Stack size 0 bytes, startup_mdr1986ve8t.o(.text))
<BR><BR>[Calls]<UL><LI><a href="#[12]">&gt;&gt;</a>&nbsp;&nbsp;&nbsp;RTC_IF_Handler
</UL>
<BR>[Called By]<UL><LI><a href="#[12]">&gt;&gt;</a>&nbsp;&nbsp;&nbsp;RTC_IF_Handler
</UL>
<BR>[Address Reference Count : 1]<UL><LI> startup_mdr1986ve8t.o(RESET)
</UL>
<P><STRONG><a name="[13]"></a>BKP_IF_Handler</STRONG> (Thumb, 2 bytes, Stack size 0 bytes, startup_mdr1986ve8t.o(.text))
<BR><BR>[Calls]<UL><LI><a href="#[13]">&gt;&gt;</a>&nbsp;&nbsp;&nbsp;BKP_IF_Handler
</UL>
<BR>[Called By]<UL><LI><a href="#[13]">&gt;&gt;</a>&nbsp;&nbsp;&nbsp;BKP_IF_Handler
</UL>
<BR>[Address Reference Count : 1]<UL><LI> startup_mdr1986ve8t.o(RESET)
</UL>
<P><STRONG><a name="[14]"></a>EXT_INTERROR0_Handler</STRONG> (Thumb, 2 bytes, Stack size 0 bytes, startup_mdr1986ve8t.o(.text))
<BR><BR>[Calls]<UL><LI><a href="#[14]">&gt;&gt;</a>&nbsp;&nbsp;&nbsp;EXT_INTERROR0_Handler
</UL>
<BR>[Called By]<UL><LI><a href="#[14]">&gt;&gt;</a>&nbsp;&nbsp;&nbsp;EXT_INTERROR0_Handler
</UL>
<BR>[Address Reference Count : 1]<UL><LI> startup_mdr1986ve8t.o(RESET)
</UL>
<P><STRONG><a name="[15]"></a>EXT_INTERROR1_Handler</STRONG> (Thumb, 2 bytes, Stack size 0 bytes, startup_mdr1986ve8t.o(.text))
<BR><BR>[Calls]<UL><LI><a href="#[15]">&gt;&gt;</a>&nbsp;&nbsp;&nbsp;EXT_INTERROR1_Handler
</UL>
<BR>[Called By]<UL><LI><a href="#[15]">&gt;&gt;</a>&nbsp;&nbsp;&nbsp;EXT_INTERROR1_Handler
</UL>
<BR>[Address Reference Count : 1]<UL><LI> startup_mdr1986ve8t.o(RESET)
</UL>
<P><STRONG><a name="[16]"></a>EXT_INTERROR2_Handler</STRONG> (Thumb, 2 bytes, Stack size 0 bytes, startup_mdr1986ve8t.o(.text))
<BR><BR>[Calls]<UL><LI><a href="#[16]">&gt;&gt;</a>&nbsp;&nbsp;&nbsp;EXT_INTERROR2_Handler
</UL>
<BR>[Called By]<UL><LI><a href="#[16]">&gt;&gt;</a>&nbsp;&nbsp;&nbsp;EXT_INTERROR2_Handler
</UL>
<BR>[Address Reference Count : 1]<UL><LI> startup_mdr1986ve8t.o(RESET)
</UL>
<P><STRONG><a name="[17]"></a>EXT_INTERROR3_Handler</STRONG> (Thumb, 2 bytes, Stack size 0 bytes, startup_mdr1986ve8t.o(.text))
<BR><BR>[Calls]<UL><LI><a href="#[17]">&gt;&gt;</a>&nbsp;&nbsp;&nbsp;EXT_INTERROR3_Handler
</UL>
<BR>[Called By]<UL><LI><a href="#[17]">&gt;&gt;</a>&nbsp;&nbsp;&nbsp;EXT_INTERROR3_Handler
</UL>
<BR>[Address Reference Count : 1]<UL><LI> startup_mdr1986ve8t.o(RESET)
</UL>
<P><STRONG><a name="[18]"></a>EXT_INTERROR4_Handler</STRONG> (Thumb, 2 bytes, Stack size 0 bytes, startup_mdr1986ve8t.o(.text))
<BR><BR>[Calls]<UL><LI><a href="#[18]">&gt;&gt;</a>&nbsp;&nbsp;&nbsp;EXT_INTERROR4_Handler
</UL>
<BR>[Called By]<UL><LI><a href="#[18]">&gt;&gt;</a>&nbsp;&nbsp;&nbsp;EXT_INTERROR4_Handler
</UL>
<BR>[Address Reference Count : 1]<UL><LI> startup_mdr1986ve8t.o(RESET)
</UL>
<P><STRONG><a name="[19]"></a>EXT_INTERROR5_Handler</STRONG> (Thumb, 2 bytes, Stack size 0 bytes, startup_mdr1986ve8t.o(.text))
<BR><BR>[Calls]<UL><LI><a href="#[19]">&gt;&gt;</a>&nbsp;&nbsp;&nbsp;EXT_INTERROR5_Handler
</UL>
<BR>[Called By]<UL><LI><a href="#[19]">&gt;&gt;</a>&nbsp;&nbsp;&nbsp;EXT_INTERROR5_Handler
</UL>
<BR>[Address Reference Count : 1]<UL><LI> startup_mdr1986ve8t.o(RESET)
</UL>
<P><STRONG><a name="[1a]"></a>EXT_INTERROR6_Handler</STRONG> (Thumb, 2 bytes, Stack size 0 bytes, startup_mdr1986ve8t.o(.text))
<BR><BR>[Calls]<UL><LI><a href="#[1a]">&gt;&gt;</a>&nbsp;&nbsp;&nbsp;EXT_INTERROR6_Handler
</UL>
<BR>[Called By]<UL><LI><a href="#[1a]">&gt;&gt;</a>&nbsp;&nbsp;&nbsp;EXT_INTERROR6_Handler
</UL>
<BR>[Address Reference Count : 1]<UL><LI> startup_mdr1986ve8t.o(RESET)
</UL>
<P><STRONG><a name="[1b]"></a>EXT_INTERROR7_Handler</STRONG> (Thumb, 2 bytes, Stack size 0 bytes, startup_mdr1986ve8t.o(.text))
<BR><BR>[Calls]<UL><LI><a href="#[1b]">&gt;&gt;</a>&nbsp;&nbsp;&nbsp;EXT_INTERROR7_Handler
</UL>
<BR>[Called By]<UL><LI><a href="#[1b]">&gt;&gt;</a>&nbsp;&nbsp;&nbsp;EXT_INTERROR7_Handler
</UL>
<BR>[Address Reference Count : 1]<UL><LI> startup_mdr1986ve8t.o(RESET)
</UL>
<P><STRONG><a name="[1c]"></a>IF_ERR_SCR_Handler</STRONG> (Thumb, 2 bytes, Stack size 0 bytes, startup_mdr1986ve8t.o(.text))
<BR><BR>[Calls]<UL><LI><a href="#[1c]">&gt;&gt;</a>&nbsp;&nbsp;&nbsp;IF_ERR_SCR_Handler
</UL>
<BR>[Called By]<UL><LI><a href="#[1c]">&gt;&gt;</a>&nbsp;&nbsp;&nbsp;IF_ERR_SCR_Handler
</UL>
<BR>[Address Reference Count : 1]<UL><LI> startup_mdr1986ve8t.o(RESET)
</UL>
<P><STRONG><a name="[1d]"></a>IF_FIN_SCR_Handler</STRONG> (Thumb, 2 bytes, Stack size 0 bytes, startup_mdr1986ve8t.o(.text))
<BR><BR>[Calls]<UL><LI><a href="#[1d]">&gt;&gt;</a>&nbsp;&nbsp;&nbsp;IF_FIN_SCR_Handler
</UL>
<BR>[Called By]<UL><LI><a href="#[1d]">&gt;&gt;</a>&nbsp;&nbsp;&nbsp;IF_FIN_SCR_Handler
</UL>
<BR>[Address Reference Count : 1]<UL><LI> startup_mdr1986ve8t.o(RESET)
</UL>
<P><STRONG><a name="[1e]"></a>DMA_ERR_Handler</STRONG> (Thumb, 2 bytes, Stack size 0 bytes, startup_mdr1986ve8t.o(.text))
<BR><BR>[Calls]<UL><LI><a href="#[1e]">&gt;&gt;</a>&nbsp;&nbsp;&nbsp;DMA_ERR_Handler
</UL>
<BR>[Called By]<UL><LI><a href="#[1e]">&gt;&gt;</a>&nbsp;&nbsp;&nbsp;DMA_ERR_Handler
</UL>
<BR>[Address Reference Count : 1]<UL><LI> startup_mdr1986ve8t.o(RESET)
</UL>
<P><STRONG><a name="[1f]"></a>DMA_DONE0_Handler</STRONG> (Thumb, 2 bytes, Stack size 0 bytes, startup_mdr1986ve8t.o(.text))
<BR><BR>[Calls]<UL><LI><a href="#[1f]">&gt;&gt;</a>&nbsp;&nbsp;&nbsp;DMA_DONE0_Handler
</UL>
<BR>[Called By]<UL><LI><a href="#[1f]">&gt;&gt;</a>&nbsp;&nbsp;&nbsp;DMA_DONE0_Handler
</UL>
<BR>[Address Reference Count : 1]<UL><LI> startup_mdr1986ve8t.o(RESET)
</UL>
<P><STRONG><a name="[20]"></a>DMA_DONE1_Handler</STRONG> (Thumb, 2 bytes, Stack size 0 bytes, startup_mdr1986ve8t.o(.text))
<BR><BR>[Calls]<UL><LI><a href="#[20]">&gt;&gt;</a>&nbsp;&nbsp;&nbsp;DMA_DONE1_Handler
</UL>
<BR>[Called By]<UL><LI><a href="#[20]">&gt;&gt;</a>&nbsp;&nbsp;&nbsp;DMA_DONE1_Handler
</UL>
<BR>[Address Reference Count : 1]<UL><LI> startup_mdr1986ve8t.o(RESET)
</UL>
<P><STRONG><a name="[21]"></a>IRQ_PORTA_Handler</STRONG> (Thumb, 2 bytes, Stack size 0 bytes, startup_mdr1986ve8t.o(.text))
<BR><BR>[Calls]<UL><LI><a href="#[21]">&gt;&gt;</a>&nbsp;&nbsp;&nbsp;IRQ_PORTA_Handler
</UL>
<BR>[Called By]<UL><LI><a href="#[21]">&gt;&gt;</a>&nbsp;&nbsp;&nbsp;IRQ_PORTA_Handler
</UL>
<BR>[Address Reference Count : 1]<UL><LI> startup_mdr1986ve8t.o(RESET)
</UL>
<P><STRONG><a name="[22]"></a>IRQ_PORTB_Handler</STRONG> (Thumb, 2 bytes, Stack size 0 bytes, startup_mdr1986ve8t.o(.text))
<BR><BR>[Calls]<UL><LI><a href="#[22]">&gt;&gt;</a>&nbsp;&nbsp;&nbsp;IRQ_PORTB_Handler
</UL>
<BR>[Called By]<UL><LI><a href="#[22]">&gt;&gt;</a>&nbsp;&nbsp;&nbsp;IRQ_PORTB_Handler
</UL>
<BR>[Address Reference Count : 1]<UL><LI> startup_mdr1986ve8t.o(RESET)
</UL>
<P><STRONG><a name="[23]"></a>IRQ_PORTC_Handler</STRONG> (Thumb, 2 bytes, Stack size 0 bytes, startup_mdr1986ve8t.o(.text))
<BR><BR>[Calls]<UL><LI><a href="#[23]">&gt;&gt;</a>&nbsp;&nbsp;&nbsp;IRQ_PORTC_Handler
</UL>
<BR>[Called By]<UL><LI><a href="#[23]">&gt;&gt;</a>&nbsp;&nbsp;&nbsp;IRQ_PORTC_Handler
</UL>
<BR>[Address Reference Count : 1]<UL><LI> startup_mdr1986ve8t.o(RESET)
</UL>
<P><STRONG><a name="[24]"></a>IRQ_PORTD_Handler</STRONG> (Thumb, 2 bytes, Stack size 0 bytes, startup_mdr1986ve8t.o(.text))
<BR><BR>[Calls]<UL><LI><a href="#[24]">&gt;&gt;</a>&nbsp;&nbsp;&nbsp;IRQ_PORTD_Handler
</UL>
<BR>[Called By]<UL><LI><a href="#[24]">&gt;&gt;</a>&nbsp;&nbsp;&nbsp;IRQ_PORTD_Handler
</UL>
<BR>[Address Reference Count : 1]<UL><LI> startup_mdr1986ve8t.o(RESET)
</UL>
<P><STRONG><a name="[25]"></a>IRQ_PORTE_Handler</STRONG> (Thumb, 2 bytes, Stack size 0 bytes, startup_mdr1986ve8t.o(.text))
<BR><BR>[Calls]<UL><LI><a href="#[25]">&gt;&gt;</a>&nbsp;&nbsp;&nbsp;IRQ_PORTE_Handler
</UL>
<BR>[Called By]<UL><LI><a href="#[25]">&gt;&gt;</a>&nbsp;&nbsp;&nbsp;IRQ_PORTE_Handler
</UL>
<BR>[Address Reference Count : 1]<UL><LI> startup_mdr1986ve8t.o(RESET)
</UL>
<P><STRONG><a name="[26]"></a>IRQ_PORTF_Handler</STRONG> (Thumb, 2 bytes, Stack size 0 bytes, startup_mdr1986ve8t.o(.text))
<BR><BR>[Calls]<UL><LI><a href="#[26]">&gt;&gt;</a>&nbsp;&nbsp;&nbsp;IRQ_PORTF_Handler
</UL>
<BR>[Called By]<UL><LI><a href="#[26]">&gt;&gt;</a>&nbsp;&nbsp;&nbsp;IRQ_PORTF_Handler
</UL>
<BR>[Address Reference Count : 1]<UL><LI> startup_mdr1986ve8t.o(RESET)
</UL>
<P><STRONG><a name="[27]"></a>INT_ETH0_Handler</STRONG> (Thumb, 2 bytes, Stack size 0 bytes, startup_mdr1986ve8t.o(.text))
<BR><BR>[Calls]<UL><LI><a href="#[27]">&gt;&gt;</a>&nbsp;&nbsp;&nbsp;INT_ETH0_Handler
</UL>
<BR>[Called By]<UL><LI><a href="#[27]">&gt;&gt;</a>&nbsp;&nbsp;&nbsp;INT_ETH0_Handler
</UL>
<BR>[Address Reference Count : 1]<UL><LI> startup_mdr1986ve8t.o(RESET)
</UL>
<P><STRONG><a name="[28]"></a>INT_ETH1_Handler</STRONG> (Thumb, 2 bytes, Stack size 0 bytes, startup_mdr1986ve8t.o(.text))
<BR><BR>[Calls]<UL><LI><a href="#[28]">&gt;&gt;</a>&nbsp;&nbsp;&nbsp;INT_ETH1_Handler
</UL>
<BR>[Called By]<UL><LI><a href="#[28]">&gt;&gt;</a>&nbsp;&nbsp;&nbsp;INT_ETH1_Handler
</UL>
<BR>[Address Reference Count : 1]<UL><LI> startup_mdr1986ve8t.o(RESET)
</UL>
<P><STRONG><a name="[29]"></a>INT_SPW0_Handler</STRONG> (Thumb, 2 bytes, Stack size 0 bytes, startup_mdr1986ve8t.o(.text))
<BR><BR>[Calls]<UL><LI><a href="#[29]">&gt;&gt;</a>&nbsp;&nbsp;&nbsp;INT_SPW0_Handler
</UL>
<BR>[Called By]<UL><LI><a href="#[29]">&gt;&gt;</a>&nbsp;&nbsp;&nbsp;INT_SPW0_Handler
</UL>
<BR>[Address Reference Count : 1]<UL><LI> startup_mdr1986ve8t.o(RESET)
</UL>
<P><STRONG><a name="[2a]"></a>INT_SPW1_Handler</STRONG> (Thumb, 2 bytes, Stack size 0 bytes, startup_mdr1986ve8t.o(.text))
<BR><BR>[Calls]<UL><LI><a href="#[2a]">&gt;&gt;</a>&nbsp;&nbsp;&nbsp;INT_SPW1_Handler
</UL>
<BR>[Called By]<UL><LI><a href="#[2a]">&gt;&gt;</a>&nbsp;&nbsp;&nbsp;INT_SPW1_Handler
</UL>
<BR>[Address Reference Count : 1]<UL><LI> startup_mdr1986ve8t.o(RESET)
</UL>
<P><STRONG><a name="[2b]"></a>INT_TMR0_Handler</STRONG> (Thumb, 2 bytes, Stack size 0 bytes, startup_mdr1986ve8t.o(.text))
<BR><BR>[Calls]<UL><LI><a href="#[2b]">&gt;&gt;</a>&nbsp;&nbsp;&nbsp;INT_TMR0_Handler
</UL>
<BR>[Called By]<UL><LI><a href="#[2b]">&gt;&gt;</a>&nbsp;&nbsp;&nbsp;INT_TMR0_Handler
</UL>
<BR>[Address Reference Count : 1]<UL><LI> startup_mdr1986ve8t.o(RESET)
</UL>
<P><STRONG><a name="[2d]"></a>INT_TMR2_Handler</STRONG> (Thumb, 2 bytes, Stack size 0 bytes, startup_mdr1986ve8t.o(.text))
<BR><BR>[Calls]<UL><LI><a href="#[2d]">&gt;&gt;</a>&nbsp;&nbsp;&nbsp;INT_TMR2_Handler
</UL>
<BR>[Called By]<UL><LI><a href="#[2d]">&gt;&gt;</a>&nbsp;&nbsp;&nbsp;INT_TMR2_Handler
</UL>
<BR>[Address Reference Count : 1]<UL><LI> startup_mdr1986ve8t.o(RESET)
</UL>
<P><STRONG><a name="[2f]"></a>INT_TMR4_Handler</STRONG> (Thumb, 2 bytes, Stack size 0 bytes, startup_mdr1986ve8t.o(.text))
<BR><BR>[Calls]<UL><LI><a href="#[2f]">&gt;&gt;</a>&nbsp;&nbsp;&nbsp;INT_TMR4_Handler
</UL>
<BR>[Called By]<UL><LI><a href="#[2f]">&gt;&gt;</a>&nbsp;&nbsp;&nbsp;INT_TMR4_Handler
</UL>
<BR>[Address Reference Count : 1]<UL><LI> startup_mdr1986ve8t.o(RESET)
</UL>
<P><STRONG><a name="[30]"></a>INT_TMR5_Handler</STRONG> (Thumb, 2 bytes, Stack size 0 bytes, startup_mdr1986ve8t.o(.text))
<BR><BR>[Calls]<UL><LI><a href="#[30]">&gt;&gt;</a>&nbsp;&nbsp;&nbsp;INT_TMR5_Handler
</UL>
<BR>[Called By]<UL><LI><a href="#[30]">&gt;&gt;</a>&nbsp;&nbsp;&nbsp;INT_TMR5_Handler
</UL>
<BR>[Address Reference Count : 1]<UL><LI> startup_mdr1986ve8t.o(RESET)
</UL>
<P><STRONG><a name="[31]"></a>INT_CAN0_Handler</STRONG> (Thumb, 2 bytes, Stack size 0 bytes, startup_mdr1986ve8t.o(.text))
<BR><BR>[Calls]<UL><LI><a href="#[31]">&gt;&gt;</a>&nbsp;&nbsp;&nbsp;INT_CAN0_Handler
</UL>
<BR>[Called By]<UL><LI><a href="#[31]">&gt;&gt;</a>&nbsp;&nbsp;&nbsp;INT_CAN0_Handler
</UL>
<BR>[Address Reference Count : 1]<UL><LI> startup_mdr1986ve8t.o(RESET)
</UL>
<P><STRONG><a name="[32]"></a>INT_CAN1_Handler</STRONG> (Thumb, 2 bytes, Stack size 0 bytes, startup_mdr1986ve8t.o(.text))
<BR><BR>[Calls]<UL><LI><a href="#[32]">&gt;&gt;</a>&nbsp;&nbsp;&nbsp;INT_CAN1_Handler
</UL>
<BR>[Called By]<UL><LI><a href="#[32]">&gt;&gt;</a>&nbsp;&nbsp;&nbsp;INT_CAN1_Handler
</UL>
<BR>[Address Reference Count : 1]<UL><LI> startup_mdr1986ve8t.o(RESET)
</UL>
<P><STRONG><a name="[33]"></a>INT_CAN2_Handler</STRONG> (Thumb, 2 bytes, Stack size 0 bytes, startup_mdr1986ve8t.o(.text))
<BR><BR>[Calls]<UL><LI><a href="#[33]">&gt;&gt;</a>&nbsp;&nbsp;&nbsp;INT_CAN2_Handler
</UL>
<BR>[Called By]<UL><LI><a href="#[33]">&gt;&gt;</a>&nbsp;&nbsp;&nbsp;INT_CAN2_Handler
</UL>
<BR>[Address Reference Count : 1]<UL><LI> startup_mdr1986ve8t.o(RESET)
</UL>
<P><STRONG><a name="[34]"></a>INT_CAN3_Handler</STRONG> (Thumb, 2 bytes, Stack size 0 bytes, startup_mdr1986ve8t.o(.text))
<BR><BR>[Calls]<UL><LI><a href="#[34]">&gt;&gt;</a>&nbsp;&nbsp;&nbsp;INT_CAN3_Handler
</UL>
<BR>[Called By]<UL><LI><a href="#[34]">&gt;&gt;</a>&nbsp;&nbsp;&nbsp;INT_CAN3_Handler
</UL>
<BR>[Address Reference Count : 1]<UL><LI> startup_mdr1986ve8t.o(RESET)
</UL>
<P><STRONG><a name="[35]"></a>INT_CAN4_Handler</STRONG> (Thumb, 2 bytes, Stack size 0 bytes, startup_mdr1986ve8t.o(.text))
<BR><BR>[Calls]<UL><LI><a href="#[35]">&gt;&gt;</a>&nbsp;&nbsp;&nbsp;INT_CAN4_Handler
</UL>
<BR>[Called By]<UL><LI><a href="#[35]">&gt;&gt;</a>&nbsp;&nbsp;&nbsp;INT_CAN4_Handler
</UL>
<BR>[Address Reference Count : 1]<UL><LI> startup_mdr1986ve8t.o(RESET)
</UL>
<P><STRONG><a name="[36]"></a>INT_SSP0_Handler</STRONG> (Thumb, 2 bytes, Stack size 0 bytes, startup_mdr1986ve8t.o(.text))
<BR><BR>[Calls]<UL><LI><a href="#[36]">&gt;&gt;</a>&nbsp;&nbsp;&nbsp;INT_SSP0_Handler
</UL>
<BR>[Called By]<UL><LI><a href="#[36]">&gt;&gt;</a>&nbsp;&nbsp;&nbsp;INT_SSP0_Handler
</UL>
<BR>[Address Reference Count : 1]<UL><LI> startup_mdr1986ve8t.o(RESET)
</UL>
<P><STRONG><a name="[37]"></a>INT_SSP1_Handler</STRONG> (Thumb, 2 bytes, Stack size 0 bytes, startup_mdr1986ve8t.o(.text))
<BR><BR>[Calls]<UL><LI><a href="#[37]">&gt;&gt;</a>&nbsp;&nbsp;&nbsp;INT_SSP1_Handler
</UL>
<BR>[Called By]<UL><LI><a href="#[37]">&gt;&gt;</a>&nbsp;&nbsp;&nbsp;INT_SSP1_Handler
</UL>
<BR>[Address Reference Count : 1]<UL><LI> startup_mdr1986ve8t.o(RESET)
</UL>
<P><STRONG><a name="[38]"></a>INT_SSP2_Handler</STRONG> (Thumb, 2 bytes, Stack size 0 bytes, startup_mdr1986ve8t.o(.text))
<BR><BR>[Calls]<UL><LI><a href="#[38]">&gt;&gt;</a>&nbsp;&nbsp;&nbsp;INT_SSP2_Handler
</UL>
<BR>[Called By]<UL><LI><a href="#[38]">&gt;&gt;</a>&nbsp;&nbsp;&nbsp;INT_SSP2_Handler
</UL>
<BR>[Address Reference Count : 1]<UL><LI> startup_mdr1986ve8t.o(RESET)
</UL>
<P><STRONG><a name="[39]"></a>INT_SSP3_Handler</STRONG> (Thumb, 2 bytes, Stack size 0 bytes, startup_mdr1986ve8t.o(.text))
<BR><BR>[Calls]<UL><LI><a href="#[39]">&gt;&gt;</a>&nbsp;&nbsp;&nbsp;INT_SSP3_Handler
</UL>
<BR>[Called By]<UL><LI><a href="#[39]">&gt;&gt;</a>&nbsp;&nbsp;&nbsp;INT_SSP3_Handler
</UL>
<BR>[Address Reference Count : 1]<UL><LI> startup_mdr1986ve8t.o(RESET)
</UL>
<P><STRONG><a name="[3b]"></a>INT_UART1_Handler</STRONG> (Thumb, 2 bytes, Stack size 0 bytes, startup_mdr1986ve8t.o(.text))
<BR><BR>[Calls]<UL><LI><a href="#[3b]">&gt;&gt;</a>&nbsp;&nbsp;&nbsp;INT_UART1_Handler
</UL>
<BR>[Called By]<UL><LI><a href="#[3b]">&gt;&gt;</a>&nbsp;&nbsp;&nbsp;INT_UART1_Handler
</UL>
<BR>[Address Reference Count : 1]<UL><LI> startup_mdr1986ve8t.o(RESET)
</UL>
<P><STRONG><a name="[3c]"></a>INT_UART2_Handler</STRONG> (Thumb, 2 bytes, Stack size 0 bytes, startup_mdr1986ve8t.o(.text))
<BR><BR>[Calls]<UL><LI><a href="#[3c]">&gt;&gt;</a>&nbsp;&nbsp;&nbsp;INT_UART2_Handler
</UL>
<BR>[Called By]<UL><LI><a href="#[3c]">&gt;&gt;</a>&nbsp;&nbsp;&nbsp;INT_UART2_Handler
</UL>
<BR>[Address Reference Count : 1]<UL><LI> startup_mdr1986ve8t.o(RESET)
</UL>
<P><STRONG><a name="[3d]"></a>INT_UART3_Handler</STRONG> (Thumb, 2 bytes, Stack size 0 bytes, startup_mdr1986ve8t.o(.text))
<BR><BR>[Calls]<UL><LI><a href="#[3d]">&gt;&gt;</a>&nbsp;&nbsp;&nbsp;INT_UART3_Handler
</UL>
<BR>[Called By]<UL><LI><a href="#[3d]">&gt;&gt;</a>&nbsp;&nbsp;&nbsp;INT_UART3_Handler
</UL>
<BR>[Address Reference Count : 1]<UL><LI> startup_mdr1986ve8t.o(RESET)
</UL>
<P><STRONG><a name="[3e]"></a>INT_USB_Handler</STRONG> (Thumb, 2 bytes, Stack size 0 bytes, startup_mdr1986ve8t.o(.text))
<BR><BR>[Calls]<UL><LI><a href="#[3e]">&gt;&gt;</a>&nbsp;&nbsp;&nbsp;INT_USB_Handler
</UL>
<BR>[Called By]<UL><LI><a href="#[3e]">&gt;&gt;</a>&nbsp;&nbsp;&nbsp;INT_USB_Handler
</UL>
<BR>[Address Reference Count : 1]<UL><LI> startup_mdr1986ve8t.o(RESET)
</UL>
<P><STRONG><a name="[3f]"></a>INT_RX_ARC0_Handler</STRONG> (Thumb, 2 bytes, Stack size 0 bytes, startup_mdr1986ve8t.o(.text))
<BR><BR>[Calls]<UL><LI><a href="#[3f]">&gt;&gt;</a>&nbsp;&nbsp;&nbsp;INT_RX_ARC0_Handler
</UL>
<BR>[Called By]<UL><LI><a href="#[3f]">&gt;&gt;</a>&nbsp;&nbsp;&nbsp;INT_RX_ARC0_Handler
</UL>
<BR>[Address Reference Count : 1]<UL><LI> startup_mdr1986ve8t.o(RESET)
</UL>
<P><STRONG><a name="[40]"></a>INT_TX_ARC0_Handler</STRONG> (Thumb, 2 bytes, Stack size 0 bytes, startup_mdr1986ve8t.o(.text))
<BR><BR>[Calls]<UL><LI><a href="#[40]">&gt;&gt;</a>&nbsp;&nbsp;&nbsp;INT_TX_ARC0_Handler
</UL>
<BR>[Called By]<UL><LI><a href="#[40]">&gt;&gt;</a>&nbsp;&nbsp;&nbsp;INT_TX_ARC0_Handler
</UL>
<BR>[Address Reference Count : 1]<UL><LI> startup_mdr1986ve8t.o(RESET)
</UL>
<P><STRONG><a name="[41]"></a>INT_RX_ARC1_Handler</STRONG> (Thumb, 2 bytes, Stack size 0 bytes, startup_mdr1986ve8t.o(.text))
<BR><BR>[Calls]<UL><LI><a href="#[41]">&gt;&gt;</a>&nbsp;&nbsp;&nbsp;INT_RX_ARC1_Handler
</UL>
<BR>[Called By]<UL><LI><a href="#[41]">&gt;&gt;</a>&nbsp;&nbsp;&nbsp;INT_RX_ARC1_Handler
</UL>
<BR>[Address Reference Count : 1]<UL><LI> startup_mdr1986ve8t.o(RESET)
</UL>
<P><STRONG><a name="[42]"></a>INT_TX_ARC1_Handler</STRONG> (Thumb, 2 bytes, Stack size 0 bytes, startup_mdr1986ve8t.o(.text))
<BR><BR>[Calls]<UL><LI><a href="#[42]">&gt;&gt;</a>&nbsp;&nbsp;&nbsp;INT_TX_ARC1_Handler
</UL>
<BR>[Called By]<UL><LI><a href="#[42]">&gt;&gt;</a>&nbsp;&nbsp;&nbsp;INT_TX_ARC1_Handler
</UL>
<BR>[Address Reference Count : 1]<UL><LI> startup_mdr1986ve8t.o(RESET)
</UL>
<P><STRONG><a name="[43]"></a>INT_MIL0_Handler</STRONG> (Thumb, 2 bytes, Stack size 0 bytes, startup_mdr1986ve8t.o(.text))
<BR><BR>[Calls]<UL><LI><a href="#[43]">&gt;&gt;</a>&nbsp;&nbsp;&nbsp;INT_MIL0_Handler
</UL>
<BR>[Called By]<UL><LI><a href="#[43]">&gt;&gt;</a>&nbsp;&nbsp;&nbsp;INT_MIL0_Handler
</UL>
<BR>[Address Reference Count : 1]<UL><LI> startup_mdr1986ve8t.o(RESET)
</UL>
<P><STRONG><a name="[44]"></a>INT_MIL1_Handler</STRONG> (Thumb, 2 bytes, Stack size 0 bytes, startup_mdr1986ve8t.o(.text))
<BR><BR>[Calls]<UL><LI><a href="#[44]">&gt;&gt;</a>&nbsp;&nbsp;&nbsp;INT_MIL1_Handler
</UL>
<BR>[Called By]<UL><LI><a href="#[44]">&gt;&gt;</a>&nbsp;&nbsp;&nbsp;INT_MIL1_Handler
</UL>
<BR>[Address Reference Count : 1]<UL><LI> startup_mdr1986ve8t.o(RESET)
</UL>
<P><STRONG><a name="[45]"></a>INT_ADC0_Handler</STRONG> (Thumb, 2 bytes, Stack size 0 bytes, startup_mdr1986ve8t.o(.text))
<BR><BR>[Calls]<UL><LI><a href="#[45]">&gt;&gt;</a>&nbsp;&nbsp;&nbsp;INT_ADC0_Handler
</UL>
<BR>[Called By]<UL><LI><a href="#[45]">&gt;&gt;</a>&nbsp;&nbsp;&nbsp;INT_ADC0_Handler
</UL>
<BR>[Address Reference Count : 1]<UL><LI> startup_mdr1986ve8t.o(RESET)
</UL>
<P><STRONG><a name="[46]"></a>INT_ADC1_Handler</STRONG> (Thumb, 2 bytes, Stack size 0 bytes, startup_mdr1986ve8t.o(.text))
<BR><BR>[Calls]<UL><LI><a href="#[46]">&gt;&gt;</a>&nbsp;&nbsp;&nbsp;INT_ADC1_Handler
</UL>
<BR>[Called By]<UL><LI><a href="#[46]">&gt;&gt;</a>&nbsp;&nbsp;&nbsp;INT_ADC1_Handler
</UL>
<BR>[Address Reference Count : 1]<UL><LI> startup_mdr1986ve8t.o(RESET)
</UL>
<P><STRONG><a name="[47]"></a>INT_DAC0_Handler</STRONG> (Thumb, 2 bytes, Stack size 0 bytes, startup_mdr1986ve8t.o(.text))
<BR><BR>[Calls]<UL><LI><a href="#[47]">&gt;&gt;</a>&nbsp;&nbsp;&nbsp;INT_DAC0_Handler
</UL>
<BR>[Called By]<UL><LI><a href="#[47]">&gt;&gt;</a>&nbsp;&nbsp;&nbsp;INT_DAC0_Handler
</UL>
<BR>[Address Reference Count : 1]<UL><LI> startup_mdr1986ve8t.o(RESET)
</UL>
<P><STRONG><a name="[48]"></a>INT_DAC1_Handler</STRONG> (Thumb, 2 bytes, Stack size 0 bytes, startup_mdr1986ve8t.o(.text))
<BR><BR>[Calls]<UL><LI><a href="#[48]">&gt;&gt;</a>&nbsp;&nbsp;&nbsp;INT_DAC1_Handler
</UL>
<BR>[Called By]<UL><LI><a href="#[48]">&gt;&gt;</a>&nbsp;&nbsp;&nbsp;INT_DAC1_Handler
</UL>
<BR>[Address Reference Count : 1]<UL><LI> startup_mdr1986ve8t.o(RESET)
</UL>
<P><STRONG><a name="[49]"></a>INT_CRYPTO_Handler</STRONG> (Thumb, 2 bytes, Stack size 0 bytes, startup_mdr1986ve8t.o(.text))
<BR><BR>[Calls]<UL><LI><a href="#[49]">&gt;&gt;</a>&nbsp;&nbsp;&nbsp;INT_CRYPTO_Handler
</UL>
<BR>[Called By]<UL><LI><a href="#[49]">&gt;&gt;</a>&nbsp;&nbsp;&nbsp;INT_CRYPTO_Handler
</UL>
<BR>[Address Reference Count : 1]<UL><LI> startup_mdr1986ve8t.o(RESET)
</UL>
<P><STRONG><a name="[4a]"></a>INT_CRC_Handler</STRONG> (Thumb, 2 bytes, Stack size 0 bytes, startup_mdr1986ve8t.o(.text))
<BR><BR>[Calls]<UL><LI><a href="#[4a]">&gt;&gt;</a>&nbsp;&nbsp;&nbsp;INT_CRC_Handler
</UL>
<BR>[Called By]<UL><LI><a href="#[4a]">&gt;&gt;</a>&nbsp;&nbsp;&nbsp;INT_CRC_Handler
</UL>
<BR>[Address Reference Count : 1]<UL><LI> startup_mdr1986ve8t.o(RESET)
</UL>
<P><STRONG><a name="[4b]"></a>INT_ECC_Handler</STRONG> (Thumb, 2 bytes, Stack size 0 bytes, startup_mdr1986ve8t.o(.text))
<BR><BR>[Calls]<UL><LI><a href="#[4b]">&gt;&gt;</a>&nbsp;&nbsp;&nbsp;INT_ECC_Handler
</UL>
<BR>[Called By]<UL><LI><a href="#[4b]">&gt;&gt;</a>&nbsp;&nbsp;&nbsp;INT_ECC_Handler
</UL>
<BR>[Address Reference Count : 1]<UL><LI> startup_mdr1986ve8t.o(RESET)
</UL>
<P><STRONG><a name="[79]"></a>__user_initial_stackheap</STRONG> (Thumb, 0 bytes, Stack size unknown bytes, startup_mdr1986ve8t.o(.text))
<BR><BR>[Called By]<UL><LI><a href="#[57]">&gt;&gt;</a>&nbsp;&nbsp;&nbsp;__user_setup_stackheap
</UL>

<P><STRONG><a name="[61]"></a>__2sprintf</STRONG> (Thumb, 34 bytes, Stack size 32 bytes, noretval__2sprintf.o(.text))
<BR><BR>[Stack]<UL><LI>Max Depth = 120 + Unknown Stack Size
<LI>Call Chain = __2sprintf &rArr; _printf_char_common &rArr; __printf
</UL>
<BR>[Calls]<UL><LI><a href="#[4d]">&gt;&gt;</a>&nbsp;&nbsp;&nbsp;_sputc
<LI><a href="#[62]">&gt;&gt;</a>&nbsp;&nbsp;&nbsp;_printf_char_common
</UL>
<BR>[Called By]<UL><LI><a href="#[5b]">&gt;&gt;</a>&nbsp;&nbsp;&nbsp;main
</UL>

<P><STRONG><a name="[55]"></a>_printf_int_hex</STRONG> (Thumb, 84 bytes, Stack size 16 bytes, _printf_hex_int.o(.text))
<BR><BR>[Stack]<UL><LI>Max Depth = 48<LI>Call Chain = _printf_int_hex &rArr; _printf_int_common
</UL>
<BR>[Calls]<UL><LI><a href="#[63]">&gt;&gt;</a>&nbsp;&nbsp;&nbsp;_printf_int_common
</UL>
<BR>[Called By]<UL><LI><a href="#[54]">&gt;&gt;</a>&nbsp;&nbsp;&nbsp;_printf_x
</UL>

<P><STRONG><a name="[a3]"></a>_printf_longlong_hex</STRONG> (Thumb, 0 bytes, Stack size 16 bytes, _printf_hex_int.o(.text), UNUSED)

<P><STRONG><a name="[a4]"></a>__use_two_region_memory</STRONG> (Thumb, 2 bytes, Stack size 0 bytes, heapauxi.o(.text), UNUSED)

<P><STRONG><a name="[a5]"></a>__rt_heap_escrow$2region</STRONG> (Thumb, 2 bytes, Stack size 0 bytes, heapauxi.o(.text), UNUSED)

<P><STRONG><a name="[a6]"></a>__rt_heap_expand$2region</STRONG> (Thumb, 2 bytes, Stack size 0 bytes, heapauxi.o(.text), UNUSED)

<P><STRONG><a name="[a7]"></a>__I$use$semihosting</STRONG> (Thumb, 0 bytes, Stack size 0 bytes, use_no_semi.o(.text), UNUSED)

<P><STRONG><a name="[a8]"></a>__use_no_semihosting_swi</STRONG> (Thumb, 2 bytes, Stack size 0 bytes, use_no_semi.o(.text), UNUSED)

<P><STRONG><a name="[a9]"></a>__semihosting_library_function</STRONG> (Thumb, 0 bytes, Stack size unknown bytes, indicate_semi.o(.text), UNUSED)

<P><STRONG><a name="[64]"></a>System_Init</STRONG> (Thumb, 452 bytes, Stack size 0 bytes, sysinit.o(.text))
<BR><BR>[Called By]<UL><LI><a href="#[5b]">&gt;&gt;</a>&nbsp;&nbsp;&nbsp;main
</UL>

<P><STRONG><a name="[5b]"></a>main</STRONG> (Thumb, 374 bytes, Stack size 2056 bytes, main.o(.text))
<BR><BR>[Stack]<UL><LI>Max Depth = 2176 + Unknown Stack Size
<LI>Call Chain = main &rArr; __2sprintf &rArr; _printf_char_common &rArr; __printf
</UL>
<BR>[Calls]<UL><LI><a href="#[6c]">&gt;&gt;</a>&nbsp;&nbsp;&nbsp;__aeabi_memcpy
<LI><a href="#[68]">&gt;&gt;</a>&nbsp;&nbsp;&nbsp;strlen
<LI><a href="#[61]">&gt;&gt;</a>&nbsp;&nbsp;&nbsp;__2sprintf
<LI><a href="#[69]">&gt;&gt;</a>&nbsp;&nbsp;&nbsp;UART0_SendPacket
<LI><a href="#[66]">&gt;&gt;</a>&nbsp;&nbsp;&nbsp;UART0_Init
<LI><a href="#[6b]">&gt;&gt;</a>&nbsp;&nbsp;&nbsp;UART0_GetPacket
<LI><a href="#[6d]">&gt;&gt;</a>&nbsp;&nbsp;&nbsp;Timers_Stop
<LI><a href="#[6a]">&gt;&gt;</a>&nbsp;&nbsp;&nbsp;Timers_Start
<LI><a href="#[65]">&gt;&gt;</a>&nbsp;&nbsp;&nbsp;Timers_Init
<LI><a href="#[67]">&gt;&gt;</a>&nbsp;&nbsp;&nbsp;ADC_Init
<LI><a href="#[64]">&gt;&gt;</a>&nbsp;&nbsp;&nbsp;System_Init
</UL>
<BR>[Called By]<UL><LI><a href="#[5a]">&gt;&gt;</a>&nbsp;&nbsp;&nbsp;__rt_entry_main
</UL>

<P><STRONG><a name="[66]"></a>UART0_Init</STRONG> (Thumb, 108 bytes, Stack size 0 bytes, uarts.o(.text))
<BR><BR>[Called By]<UL><LI><a href="#[5b]">&gt;&gt;</a>&nbsp;&nbsp;&nbsp;main
</UL>

<P><STRONG><a name="[6e]"></a>GetCRC</STRONG> (Thumb, 48 bytes, Stack size 8 bytes, uarts.o(.text))
<BR><BR>[Stack]<UL><LI>Max Depth = 8<LI>Call Chain = GetCRC
</UL>
<BR>[Called By]<UL><LI><a href="#[69]">&gt;&gt;</a>&nbsp;&nbsp;&nbsp;UART0_SendPacket
<LI><a href="#[6b]">&gt;&gt;</a>&nbsp;&nbsp;&nbsp;UART0_GetPacket
</UL>

<P><STRONG><a name="[69]"></a>UART0_SendPacket</STRONG> (Thumb, 154 bytes, Stack size 20 bytes, uarts.o(.text))
<BR><BR>[Stack]<UL><LI>Max Depth = 28<LI>Call Chain = UART0_SendPacket &rArr; GetCRC
</UL>
<BR>[Calls]<UL><LI><a href="#[6e]">&gt;&gt;</a>&nbsp;&nbsp;&nbsp;GetCRC
</UL>
<BR>[Called By]<UL><LI><a href="#[5b]">&gt;&gt;</a>&nbsp;&nbsp;&nbsp;main
</UL>

<P><STRONG><a name="[6b]"></a>UART0_GetPacket</STRONG> (Thumb, 80 bytes, Stack size 16 bytes, uarts.o(.text))
<BR><BR>[Stack]<UL><LI>Max Depth = 24<LI>Call Chain = UART0_GetPacket &rArr; GetCRC
</UL>
<BR>[Calls]<UL><LI><a href="#[6c]">&gt;&gt;</a>&nbsp;&nbsp;&nbsp;__aeabi_memcpy
<LI><a href="#[6e]">&gt;&gt;</a>&nbsp;&nbsp;&nbsp;GetCRC
</UL>
<BR>[Called By]<UL><LI><a href="#[5b]">&gt;&gt;</a>&nbsp;&nbsp;&nbsp;main
</UL>

<P><STRONG><a name="[3a]"></a>INT_UART0_Handler</STRONG> (Thumb, 58 bytes, Stack size 0 bytes, uarts.o(.text))
<BR>[Address Reference Count : 1]<UL><LI> startup_mdr1986ve8t.o(RESET)
</UL>
<P><STRONG><a name="[67]"></a>ADC_Init</STRONG> (Thumb, 188 bytes, Stack size 8 bytes, adc.o(.text))
<BR><BR>[Stack]<UL><LI>Max Depth = 8<LI>Call Chain = ADC_Init
</UL>
<BR>[Called By]<UL><LI><a href="#[5b]">&gt;&gt;</a>&nbsp;&nbsp;&nbsp;main
</UL>

<P><STRONG><a name="[2c]"></a>INT_TMR1_Handler</STRONG> (Thumb, 118 bytes, Stack size 12 bytes, adc.o(.text))
<BR><BR>[Stack]<UL><LI>Max Depth = 12<LI>Call Chain = INT_TMR1_Handler
</UL>
<BR>[Address Reference Count : 1]<UL><LI> startup_mdr1986ve8t.o(RESET)
</UL>
<P><STRONG><a name="[65]"></a>Timers_Init</STRONG> (Thumb, 60 bytes, Stack size 8 bytes, timer.o(.text))
<BR><BR>[Stack]<UL><LI>Max Depth = 8<LI>Call Chain = Timers_Init
</UL>
<BR>[Calls]<UL><LI><a href="#[6f]">&gt;&gt;</a>&nbsp;&nbsp;&nbsp;NVIC_EnableIRQ
</UL>
<BR>[Called By]<UL><LI><a href="#[5b]">&gt;&gt;</a>&nbsp;&nbsp;&nbsp;main
</UL>

<P><STRONG><a name="[6d]"></a>Timers_Stop</STRONG> (Thumb, 40 bytes, Stack size 8 bytes, timer.o(.text))
<BR><BR>[Stack]<UL><LI>Max Depth = 8<LI>Call Chain = Timers_Stop
</UL>
<BR>[Calls]<UL><LI><a href="#[70]">&gt;&gt;</a>&nbsp;&nbsp;&nbsp;NVIC_DisableIRQ
<LI><a href="#[6f]">&gt;&gt;</a>&nbsp;&nbsp;&nbsp;NVIC_EnableIRQ
</UL>
<BR>[Called By]<UL><LI><a href="#[2e]">&gt;&gt;</a>&nbsp;&nbsp;&nbsp;INT_TMR3_Handler
<LI><a href="#[5b]">&gt;&gt;</a>&nbsp;&nbsp;&nbsp;main
</UL>

<P><STRONG><a name="[2e]"></a>INT_TMR3_Handler</STRONG> (Thumb, 56 bytes, Stack size 8 bytes, timer.o(.text))
<BR><BR>[Stack]<UL><LI>Max Depth = 16<LI>Call Chain = INT_TMR3_Handler &rArr; Timers_Stop
</UL>
<BR>[Calls]<UL><LI><a href="#[6d]">&gt;&gt;</a>&nbsp;&nbsp;&nbsp;Timers_Stop
</UL>
<BR>[Address Reference Count : 1]<UL><LI> startup_mdr1986ve8t.o(RESET)
</UL>
<P><STRONG><a name="[6a]"></a>Timers_Start</STRONG> (Thumb, 88 bytes, Stack size 32 bytes, timer.o(.text))
<BR><BR>[Stack]<UL><LI>Max Depth = 64<LI>Call Chain = Timers_Start &rArr; __aeabi_dmul
</UL>
<BR>[Calls]<UL><LI><a href="#[72]">&gt;&gt;</a>&nbsp;&nbsp;&nbsp;__aeabi_dmul
<LI><a href="#[71]">&gt;&gt;</a>&nbsp;&nbsp;&nbsp;__aeabi_ui2d
<LI><a href="#[73]">&gt;&gt;</a>&nbsp;&nbsp;&nbsp;__aeabi_d2uiz
<LI><a href="#[70]">&gt;&gt;</a>&nbsp;&nbsp;&nbsp;NVIC_DisableIRQ
<LI><a href="#[6f]">&gt;&gt;</a>&nbsp;&nbsp;&nbsp;NVIC_EnableIRQ
</UL>
<BR>[Called By]<UL><LI><a href="#[5b]">&gt;&gt;</a>&nbsp;&nbsp;&nbsp;main
</UL>

<P><STRONG><a name="[aa]"></a>Timer_PWM_Set</STRONG> (Thumb, 68 bytes, Stack size 0 bytes, timer.o(.text), UNUSED)

<P><STRONG><a name="[74]"></a>__printf</STRONG> (Thumb, 104 bytes, Stack size 24 bytes, __printf.o(.text))
<BR><BR>[Stack]<UL><LI>Max Depth = 24 + Unknown Stack Size
<LI>Call Chain = __printf
</UL>
<BR>[Calls]<UL><LI><a href="#[75]">&gt;&gt;</a>&nbsp;&nbsp;&nbsp;_printf_percent
</UL>
<BR>[Called By]<UL><LI><a href="#[62]">&gt;&gt;</a>&nbsp;&nbsp;&nbsp;_printf_char_common
</UL>

<P><STRONG><a name="[68]"></a>strlen</STRONG> (Thumb, 62 bytes, Stack size 8 bytes, strlen.o(.text))
<BR><BR>[Stack]<UL><LI>Max Depth = 8<LI>Call Chain = strlen
</UL>
<BR>[Called By]<UL><LI><a href="#[5b]">&gt;&gt;</a>&nbsp;&nbsp;&nbsp;main
</UL>

<P><STRONG><a name="[6c]"></a>__aeabi_memcpy</STRONG> (Thumb, 0 bytes, Stack size 0 bytes, rt_memcpy_v6.o(.text))
<BR><BR>[Called By]<UL><LI><a href="#[6b]">&gt;&gt;</a>&nbsp;&nbsp;&nbsp;UART0_GetPacket
<LI><a href="#[5b]">&gt;&gt;</a>&nbsp;&nbsp;&nbsp;main
</UL>

<P><STRONG><a name="[76]"></a>__rt_memcpy</STRONG> (Thumb, 138 bytes, Stack size 0 bytes, rt_memcpy_v6.o(.text), UNUSED)
<BR><BR>[Calls]<UL><LI><a href="#[77]">&gt;&gt;</a>&nbsp;&nbsp;&nbsp;__aeabi_memcpy4
</UL>

<P><STRONG><a name="[ab]"></a>_memcpy_lastbytes</STRONG> (Thumb, 0 bytes, Stack size unknown bytes, rt_memcpy_v6.o(.text), UNUSED)

<P><STRONG><a name="[63]"></a>_printf_int_common</STRONG> (Thumb, 178 bytes, Stack size 32 bytes, _printf_intcommon.o(.text))
<BR><BR>[Stack]<UL><LI>Max Depth = 32<LI>Call Chain = _printf_int_common
</UL>
<BR>[Called By]<UL><LI><a href="#[55]">&gt;&gt;</a>&nbsp;&nbsp;&nbsp;_printf_int_hex
</UL>

<P><STRONG><a name="[62]"></a>_printf_char_common</STRONG> (Thumb, 32 bytes, Stack size 64 bytes, _printf_char_common.o(.text))
<BR><BR>[Stack]<UL><LI>Max Depth = 88 + Unknown Stack Size
<LI>Call Chain = _printf_char_common &rArr; __printf
</UL>
<BR>[Calls]<UL><LI><a href="#[74]">&gt;&gt;</a>&nbsp;&nbsp;&nbsp;__printf
</UL>
<BR>[Called By]<UL><LI><a href="#[61]">&gt;&gt;</a>&nbsp;&nbsp;&nbsp;__2sprintf
</UL>

<P><STRONG><a name="[4d]"></a>_sputc</STRONG> (Thumb, 10 bytes, Stack size 0 bytes, _sputc.o(.text))
<BR><BR>[Called By]<UL><LI><a href="#[61]">&gt;&gt;</a>&nbsp;&nbsp;&nbsp;__2sprintf
</UL>
<BR>[Address Reference Count : 1]<UL><LI> noretval__2sprintf.o(.text)
</UL>
<P><STRONG><a name="[77]"></a>__aeabi_memcpy4</STRONG> (Thumb, 0 bytes, Stack size 8 bytes, rt_memcpy_w.o(.text), UNUSED)
<BR><BR>[Called By]<UL><LI><a href="#[76]">&gt;&gt;</a>&nbsp;&nbsp;&nbsp;__rt_memcpy
</UL>

<P><STRONG><a name="[ac]"></a>__aeabi_memcpy8</STRONG> (Thumb, 0 bytes, Stack size 8 bytes, rt_memcpy_w.o(.text), UNUSED)

<P><STRONG><a name="[ad]"></a>__rt_memcpy_w</STRONG> (Thumb, 100 bytes, Stack size 8 bytes, rt_memcpy_w.o(.text), UNUSED)

<P><STRONG><a name="[ae]"></a>_memcpy_lastbytes_aligned</STRONG> (Thumb, 0 bytes, Stack size unknown bytes, rt_memcpy_w.o(.text), UNUSED)

<P><STRONG><a name="[57]"></a>__user_setup_stackheap</STRONG> (Thumb, 74 bytes, Stack size 8 bytes, sys_stackheap_outer.o(.text))
<BR><BR>[Stack]<UL><LI>Max Depth = 8 + Unknown Stack Size
<LI>Call Chain = __user_setup_stackheap
</UL>
<BR>[Calls]<UL><LI><a href="#[78]">&gt;&gt;</a>&nbsp;&nbsp;&nbsp;__user_perproc_libspace
<LI><a href="#[79]">&gt;&gt;</a>&nbsp;&nbsp;&nbsp;__user_initial_stackheap
</UL>
<BR>[Called By]<UL><LI><a href="#[56]">&gt;&gt;</a>&nbsp;&nbsp;&nbsp;__rt_entry_sh
</UL>

<P><STRONG><a name="[5c]"></a>exit</STRONG> (Thumb, 18 bytes, Stack size 8 bytes, exit.o(.text))
<BR><BR>[Stack]<UL><LI>Max Depth = 8 + Unknown Stack Size
<LI>Call Chain = exit
</UL>
<BR>[Calls]<UL><LI><a href="#[7a]">&gt;&gt;</a>&nbsp;&nbsp;&nbsp;__rt_exit
</UL>
<BR>[Called By]<UL><LI><a href="#[5a]">&gt;&gt;</a>&nbsp;&nbsp;&nbsp;__rt_entry_main
</UL>

<P><STRONG><a name="[af]"></a>__user_libspace</STRONG> (Thumb, 8 bytes, Stack size 0 bytes, libspace.o(.text), UNUSED)

<P><STRONG><a name="[78]"></a>__user_perproc_libspace</STRONG> (Thumb, 0 bytes, Stack size 0 bytes, libspace.o(.text))
<BR><BR>[Called By]<UL><LI><a href="#[57]">&gt;&gt;</a>&nbsp;&nbsp;&nbsp;__user_setup_stackheap
</UL>

<P><STRONG><a name="[b0]"></a>__user_perthread_libspace</STRONG> (Thumb, 0 bytes, Stack size 0 bytes, libspace.o(.text), UNUSED)

<P><STRONG><a name="[60]"></a>_sys_exit</STRONG> (Thumb, 8 bytes, Stack size 0 bytes, sys_exit.o(.text))
<BR><BR>[Called By]<UL><LI><a href="#[5f]">&gt;&gt;</a>&nbsp;&nbsp;&nbsp;__rt_exit_exit
</UL>

<P><STRONG><a name="[73]"></a>__aeabi_d2uiz</STRONG> (Thumb, 0 bytes, Stack size 32 bytes, dfixu.o(x$fpl$dfixu))
<BR><BR>[Stack]<UL><LI>Max Depth = 32<LI>Call Chain = __aeabi_d2uiz
</UL>
<BR>[Called By]<UL><LI><a href="#[6a]">&gt;&gt;</a>&nbsp;&nbsp;&nbsp;Timers_Start
</UL>

<P><STRONG><a name="[7b]"></a>_dfixu</STRONG> (Thumb, 90 bytes, Stack size 32 bytes, dfixu.o(x$fpl$dfixu), UNUSED)
<BR><BR>[Calls]<UL><LI><a href="#[7c]">&gt;&gt;</a>&nbsp;&nbsp;&nbsp;__fpl_dnaninf
</UL>

<P><STRONG><a name="[71]"></a>__aeabi_ui2d</STRONG> (Thumb, 0 bytes, Stack size 0 bytes, dflt_clz.o(x$fpl$dfltu))
<BR><BR>[Called By]<UL><LI><a href="#[6a]">&gt;&gt;</a>&nbsp;&nbsp;&nbsp;Timers_Start
</UL>

<P><STRONG><a name="[b1]"></a>_dfltu</STRONG> (Thumb, 38 bytes, Stack size 0 bytes, dflt_clz.o(x$fpl$dfltu), UNUSED)

<P><STRONG><a name="[72]"></a>__aeabi_dmul</STRONG> (Thumb, 0 bytes, Stack size 32 bytes, dmul.o(x$fpl$dmul))
<BR><BR>[Stack]<UL><LI>Max Depth = 32<LI>Call Chain = __aeabi_dmul
</UL>
<BR>[Called By]<UL><LI><a href="#[6a]">&gt;&gt;</a>&nbsp;&nbsp;&nbsp;Timers_Start
</UL>

<P><STRONG><a name="[7d]"></a>_dmul</STRONG> (Thumb, 332 bytes, Stack size 32 bytes, dmul.o(x$fpl$dmul), UNUSED)
<BR><BR>[Calls]<UL><LI><a href="#[7e]">&gt;&gt;</a>&nbsp;&nbsp;&nbsp;__fpl_dretinf
<LI><a href="#[7c]">&gt;&gt;</a>&nbsp;&nbsp;&nbsp;__fpl_dnaninf
</UL>

<P><STRONG><a name="[7c]"></a>__fpl_dnaninf</STRONG> (Thumb, 156 bytes, Stack size 16 bytes, dnaninf.o(x$fpl$dnaninf), UNUSED)
<BR><BR>[Called By]<UL><LI><a href="#[7d]">&gt;&gt;</a>&nbsp;&nbsp;&nbsp;_dmul
<LI><a href="#[7b]">&gt;&gt;</a>&nbsp;&nbsp;&nbsp;_dfixu
</UL>

<P><STRONG><a name="[7e]"></a>__fpl_dretinf</STRONG> (Thumb, 12 bytes, Stack size 0 bytes, dretinf.o(x$fpl$dretinf), UNUSED)
<BR><BR>[Called By]<UL><LI><a href="#[7d]">&gt;&gt;</a>&nbsp;&nbsp;&nbsp;_dmul
</UL>
<P>
<H3>
Local Symbols
</H3>
<P><STRONG><a name="[6f]"></a>NVIC_EnableIRQ</STRONG> (Thumb, 22 bytes, Stack size 0 bytes, timer.o(.text))
<BR><BR>[Called By]<UL><LI><a href="#[6d]">&gt;&gt;</a>&nbsp;&nbsp;&nbsp;Timers_Stop
<LI><a href="#[6a]">&gt;&gt;</a>&nbsp;&nbsp;&nbsp;Timers_Start
<LI><a href="#[65]">&gt;&gt;</a>&nbsp;&nbsp;&nbsp;Timers_Init
</UL>

<P><STRONG><a name="[70]"></a>NVIC_DisableIRQ</STRONG> (Thumb, 18 bytes, Stack size 0 bytes, timer.o(.text))
<BR><BR>[Called By]<UL><LI><a href="#[6d]">&gt;&gt;</a>&nbsp;&nbsp;&nbsp;Timers_Stop
<LI><a href="#[6a]">&gt;&gt;</a>&nbsp;&nbsp;&nbsp;Timers_Start
</UL>

<P><STRONG><a name="[4e]"></a>_printf_input_char</STRONG> (Thumb, 10 bytes, Stack size 0 bytes, _printf_char_common.o(.text))
<BR>[Address Reference Count : 1]<UL><LI> _printf_char_common.o(.text)
</UL><P>
<H3>
Undefined Global Symbols
</H3><HR></body></html>
