<html>
<body>
<pre>
<h1>µVision Build Log</h1>
<h2>Tool Versions:</h2>
IDE-Version: µVision V5.36.0.0
Copyright (C) 2021 ARM Ltd and ARM Germany GmbH. All rights reserved.
License Information: Anatolii Pelemeshko, OAI, LIC=LSNXV-PZ935-MM89I-TYXY4-BSK43-Z3YMT
 
Tool Versions:
Toolchain:       MDK-ARM Plus  Version: 5.36.0.0
Toolchain Path:  C:\Keil_v5\ARM\ARMCC\Bin
C Compiler:      Armcc.exe V5.06 update 7 (build 960)
Assembler:       Armasm.exe V5.06 update 7 (build 960)
Linker/Locator:  ArmLink.exe V5.06 update 7 (build 960)
Library Manager: ArmAr.exe V5.06 update 7 (build 960)
Hex Converter:   FromElf.exe V5.06 update 7 (build 960)
CPU DLL:         SARMCM3.DLL V5.36.0.0
Dialog DLL:      DCM.DLL V1.17.3.0
Target DLL:      STLink\ST-LINKIII-KEIL_SWO.dll V3.0.9.0
Dialog DLL:      TCM.DLL V1.53.0.0
 
<h2>Project:</h2>
C:\Users\Pelemeshko-OAI\YandexDisk\OAI_NSU\Keil_projects\1986ve8t_test_projects\Dv_cm_drivers\1986ve8_proj.uvprojx
Project File Date:  03/09/2022

<h2>Output:</h2>
*** Using Compiler 'V5.06 update 7 (build 960)', folder: 'C:\Keil_v5\ARM\ARMCC\Bin'
Rebuild target 'Target (ExtMEM Rls)'
assembling startup_MDR1986VE8T.s...
compiling adc.c...
compiling eerom.c...
compiling test.c...
compiling wdt.c...
compiling timer.c...
compiling uarts.c...
compiling main.c...
compiling sysinit.c...
compiling core_cm4.c...
linking...
Program Size: Code=4120 RO-data=1216 RW-data=32 ZI-data=17008  
FromELF: creating hex file...
".\Objs\1986ve8_proj.axf" - 0 Error(s), 0 Warning(s).

<h2>Software Packages used:</h2>

Package Vendor: ARM
                http://www.keil.com/pack/ARM.CMSIS.5.8.0.pack
                ARM.CMSIS.5.8.0
                CMSIS (Common Microcontroller Software Interface Standard)
   * Component: CORE Version: 5.5.0

Package Vendor: Keil
                http://www.keil.com/pack/Keil.MDR1986VE8T.0.4.1.pack
                Keil.MDR1986VE8T.0.4.1
                Milandr MDR1986VE8T Series Device Support, Drivers and Examples

<h2>Collection of Component include folders:</h2>
  .\RTE\_Target__ExtMEM_Rls_
  C:\Users\Pelemeshko-OAI\AppData\Local\Arm\Packs\ARM\CMSIS\5.8.0\CMSIS\Core\Include
  C:\Users\Pelemeshko-OAI\AppData\Local\Arm\Packs\Keil\MDR1986VE8T\0.4.1\Libraries\CMSIS\CM4\DeviceSupport\MDR32F8\inc

<h2>Collection of Component Files used:</h2>

   * Component: ARM::CMSIS:CORE:5.5.0
Build Time Elapsed:  00:00:00
</pre>
</body>
</html>
